Archive member included to satisfy reference by file (symbol)

/opt/devkitpro/libnx/lib/libnx.a(applet.o)
                              main.o (appletMainLoop)
/opt/devkitpro/libnx/lib/libnx.a(sm.o)
                              /opt/devkitpro/libnx/lib/libnx.a(applet.o) (smGetServiceWrapper)
/opt/devkitpro/libnx/lib/libnx.a(diag.o)
                              /opt/devkitpro/libnx/lib/libnx.a(applet.o) (diagAbortWithResult)
/opt/devkitpro/libnx/lib/libnx.a(env.o)
                              /opt/devkitpro/libnx/lib/libnx.a(applet.o) (envIsNso)
/opt/devkitpro/libnx/lib/libnx.a(hosversion.o)
                              /opt/devkitpro/libnx/lib/libnx.a(applet.o) (hosversionGet)
/opt/devkitpro/libnx/lib/libnx.a(pad.o)
                              main.o (padConfigureInput)
/opt/devkitpro/libnx/lib/libnx.a(console.o)
                              main.o (consoleInit)
/opt/devkitpro/libnx/lib/libnx.a(console_sw.o)
                              /opt/devkitpro/libnx/lib/libnx.a(console.o) (getDefaultConsoleRenderer)
/opt/devkitpro/libnx/lib/libnx.a(svc.o)
                              /opt/devkitpro/libnx/lib/libnx.a(applet.o) (svcExitProcess)
/opt/devkitpro/libnx/lib/libnx.a(switch_crt0.o)
                              (_start)
/opt/devkitpro/libnx/lib/libnx.a(default_font.bin.o)
                              /opt/devkitpro/libnx/lib/libnx.a(console.o) (default_font_bin)
/opt/devkitpro/libnx/lib/libnx.a(event.o)
                              /opt/devkitpro/libnx/lib/libnx.a(applet.o) (eventLoadRemote)
/opt/devkitpro/libnx/lib/libnx.a(mutex.o)
                              /opt/devkitpro/libnx/lib/libnx.a(applet.o) (mutexLock)
/opt/devkitpro/libnx/lib/libnx.a(tmem.o)
                              /opt/devkitpro/libnx/lib/libnx.a(applet.o) (tmemCreate)
/opt/devkitpro/libnx/lib/libnx.a(virtmem.o)
                              /opt/devkitpro/libnx/lib/libnx.a(tmem.o) (virtmemLock)
/opt/devkitpro/libnx/lib/libnx.a(wait.o)
                              /opt/devkitpro/libnx/lib/libnx.a(applet.o) (waitObjects)
/opt/devkitpro/libnx/lib/libnx.a(apm.o)
                              /opt/devkitpro/libnx/lib/libnx.a(applet.o) (apmInitialize)
/opt/devkitpro/libnx/lib/libnx.a(hid.o)
                              /opt/devkitpro/libnx/lib/libnx.a(pad.o) (hidGetNpadStyleSet)
/opt/devkitpro/libnx/lib/libnx.a(default_window.o)
                              /opt/devkitpro/libnx/lib/libnx.a(console_sw.o) (nwindowGetDefault)
/opt/devkitpro/libnx/lib/libnx.a(framebuffer.o)
                              /opt/devkitpro/libnx/lib/libnx.a(console_sw.o) (framebufferMakeLinear)
/opt/devkitpro/libnx/lib/libnx.a(native_window.o)
                              /opt/devkitpro/libnx/lib/libnx.a(framebuffer.o) (nwindowIsValid)
/opt/devkitpro/libnx/lib/libnx.a(alloc.o)
                              /opt/devkitpro/libnx/lib/libnx.a(virtmem.o) (__libnx_alloc)
/opt/devkitpro/libnx/lib/libnx.a(argv.o)
                              /opt/devkitpro/libnx/lib/libnx.a(switch_crt0.o) (__system_argc)
/opt/devkitpro/libnx/lib/libnx.a(dynamic.o)
                              /opt/devkitpro/libnx/lib/libnx.a(switch_crt0.o) (__nx_dynamic)
/opt/devkitpro/libnx/lib/libnx.a(init.o)
                              /opt/devkitpro/libnx/lib/libnx.a(switch_crt0.o) (__libnx_init)
/opt/devkitpro/libnx/lib/libnx.a(newlib.o)
                              /opt/devkitpro/libnx/lib/libnx.a(init.o) (__libnx_init_time)
/opt/devkitpro/libnx/lib/libnx.a(nxlink.o)
                              /opt/devkitpro/libnx/lib/libnx.a(argv.o) (nxlinkSetup)
/opt/devkitpro/libnx/lib/libnx.a(fs_dev.o)
                              /opt/devkitpro/libnx/lib/libnx.a(init.o) (fsdevMountSdmc)
/opt/devkitpro/libnx/lib/libnx.a(path_buf.o)
                              /opt/devkitpro/libnx/lib/libnx.a(fs_dev.o) (__nx_dev_path_buf)
/opt/devkitpro/libnx/lib/libnx.a(decode_utf8.o)
                              /opt/devkitpro/libnx/lib/libnx.a(fs_dev.o) (decode_utf8)
/opt/devkitpro/libnx/lib/libnx.a(cache.o)
                              /opt/devkitpro/libnx/lib/libnx.a(framebuffer.o) (armDCacheFlush)
/opt/devkitpro/libnx/lib/libnx.a(exception.o)
                              /opt/devkitpro/libnx/lib/libnx.a(switch_crt0.o) (__libnx_exception_entry)
/opt/devkitpro/libnx/lib/libnx.a(readtp.o)
                              /opt/devkitpro/libnx/lib/libnx.a(fs_dev.o) (__aarch64_read_tp)
/opt/devkitpro/libnx/lib/libnx.a(condvar.o)
                              /opt/devkitpro/libnx/lib/libnx.a(newlib.o) (condvarWaitTimeout)
/opt/devkitpro/libnx/lib/libnx.a(random.o)
                              /opt/devkitpro/libnx/lib/libnx.a(virtmem.o) (randomGet64)
/opt/devkitpro/libnx/lib/libnx.a(shmem.o)
                              /opt/devkitpro/libnx/lib/libnx.a(hid.o) (shmemLoadRemote)
/opt/devkitpro/libnx/lib/libnx.a(thread.o)
                              /opt/devkitpro/libnx/lib/libnx.a(init.o) (__libnx_init_thread)
/opt/devkitpro/libnx/lib/libnx.a(fs.o)
[...]
Memory Configuration

Name             Origin             Length             Attributes
*default*        0x0000000000000000 0xffffffffffffffff

Linker script and memory map

                0x0000000000000000                PROVIDE (__start__ = 0x0)
                0x0000000000000000                . = __start__
                [!provide]                        PROVIDE (__code_start = .)

.text           0x0000000000000000    0x2b608
 *(.crt0)
 .crt0          0x0000000000000000      0x130 /opt/devkitpro/libnx/lib/libnx.a(switch_crt0.o)
                0x0000000000000000                _start
                0x00000000000000e0                __nx_exit
                0x00000000000000f0                __nx_mod0
 *(.text.unlikely .text.*_unlikely .text.unlikely.*)
 .text.unlikely._ZSt19__throw_logic_errorPKc
                0x0000000000000130       0x50 /opt/devkitpro/devkitA64/lib/gcc/aarch64-none-elf/15.2.0/../../../../aarch64-none-elf/lib/pic/libstdc++.a(functexcept.o)
                0x0000000000000130                std::__throw_logic_error(char const*)
 .text.unlikely._ZSt20__throw_length_errorPKc
                0x0000000000000180       0x50 /opt/devkitpro/devkitA64/lib/gcc/aarch64-none-elf/15.2.0/../../../../aarch64-none-elf/lib/pic/libstdc++.a(functexcept.o)
                0x0000000000000180                std::__throw_length_error(char const*)
 .text.unlikely._ZN9__gnu_cxx30__throw_concurrence_lock_errorEv
                0x00000000000001d0       0x34 /opt/devkitpro/devkitA64/lib/gcc/aarch64-none-elf/15.2.0/../../../../aarch64-none-elf/lib/pic/libstdc++.a(eh_alloc.o)
                0x00000000000001d0                __gnu_cxx::__throw_concurrence_lock_error()
 .text.unlikely._ZN9__gnu_cxx32__throw_concurrence_unlock_errorEv
                0x0000000000000204       0x34 /opt/devkitpro/devkitA64/lib/gcc/aarch64-none-elf/15.2.0/../../../../aarch64-none-elf/lib/pic/libstdc++.a(eh_alloc.o)
                0x0000000000000204                __gnu_cxx::__throw_concurrence_unlock_error()
 .text.unlikely._ZSt9terminatev
                0x0000000000000238       0x10 /opt/devkitpro/devkitA64/lib/gcc/aarch64-none-elf/15.2.0/../../../../aarch64-none-elf/lib/pic/libstdc++.a(eh_terminate.o)
                0x0000000000000238                std::terminate()
 .text.unlikely._ZSt10unexpectedv
                0x0000000000000248       0x10 /opt/devkitpro/devkitA64/lib/gcc/aarch64-none-elf/15.2.0/../../../../aarch64-none-elf/lib/pic/libstdc++.a(eh_terminate.o)
                0x0000000000000248                std::unexpected()
 .text.unlikely.__cxa_call_terminate
                0x0000000000000258       0x44 /opt/devkitpro/devkitA64/lib/gcc/aarch64-none-elf/15.2.0/../../../../aarch64-none-elf/lib/pic/libstdc++.a(eh_call.o)
                0x0000000000000258                __cxa_call_terminate
 *(.text.exit .text.exit.*)
 *fill*         0x000000000000029c        0x4 
 .text.exit._GLOBAL__sub_D_eh_alloc.cc
                0x00000000000002a0       0x14 /opt/devkitpro/devkitA64/lib/gcc/aarch64-none-elf/15.2.0/../../../../aarch64-none-elf/lib/pic/libstdc++.a(eh_alloc.o)
 *fill*         0x00000000000002b4        0xc 
 .text.exit._GLOBAL__sub_D_eh_globals.cc
                0x00000000000002c0       0x34 /opt/devkitpro/devkitA64/lib/gcc/aarch64-none-elf/15.2.0/../../../../aarch64-none-elf/lib/pic/libstdc++.a(eh_globals.o)
 *fill*         0x00000000000002f4        0xc 
 .text.exit     0x0000000000000300       0x34 /opt/devkitpro/devkitA64/lib/gcc/aarch64-none-elf/15.2.0/../../../../aarch64-none-elf/lib/pic/libg.a(libc_a-exit.o)
                0x0000000000000300                exit
 *(.text.startup .text.startup.*)
 *fill*         0x0000000000000334        0xc 
 .text.startup.main
                0x0000000000000340      0x39c main.o
                0x0000000000000340                main
 *fill*         0x00000000000006dc        0x4 
 .text.startup._GLOBAL__sub_I_eh_alloc.cc
                0x00000000000006e0      0x1f0 /opt/devkitpro/devkitA64/lib/gcc/aarch64-none-elf/15.2.0/../../../../aarch64-none-elf/lib/pic/libstdc++.a(eh_alloc.o)
 *fill*         0x00000000000008d0       0x10 
 .text.startup._GLOBAL__sub_I_eh_globals.cc
                0x00000000000008e0       0x38 /opt/devkitpro/devkitA64/lib/gcc/aarch64-none-elf/15.2.0/../../../../aarch64-none-elf/lib/pic/libstdc++.a(eh_globals.o)
 *(.text.hot .text.hot.*)
 *(.text .stub .text.* .gnu.linkonce.t.*)
 *fill*         0x0000000000000918        0x8 
 .text.__do_global_dtors_aux
                0x0000000000000920       0x50 /opt/devkitpro/devkitA64/lib/gcc/aarch64-none-elf/15.2.0/pic/crtbegin.o
 *fill*         0x0000000000000970       0x10 
 .text.frame_dummy
                0x0000000000000980       0x24 /opt/devkitpro/devkitA64/lib/gcc/aarch64-none-elf/15.2.0/pic/crtbegin.o
 *fill*         0x00000000000009a4        0xc 
 .text._ZL8drawListRKSt6vectorI8ApkEntrySaIS0_EEii
                0x00000000000009b0      0x140 main.o
 .text._ZSt25__unguarded_linear_insertIN9__gnu_cxx17__normal_iteratorIP8ApkEntrySt6vectorIS2_SaIS2_EEEENS0_5__ops14_Val_comp_iterIZL8scanApksvEUlRKS2_SB_E_EEEvT_T0_.isra.0
                0x0000000000000af0      0x3f8 main.o
 *fill*         0x0000000000000ee8        0x8 
 .text._ZSt16__insertion_sortIN9__gnu_cxx17__normal_iteratorIP8ApkEntrySt6vectorIS2_SaIS2_EEEENS0_5__ops15_Iter_comp_iterIZL8scanApksvEUlRKS2_SB_E_EEEvT_SE_T0_.isra.0
                0x0000000000000ef0      0x514 main.o
 *fill*         0x0000000000001404        0xc 
 .text._ZSt13__adjust_heapIN9__gnu_cxx17__normal_iteratorIP8ApkEntrySt6vectorIS2_SaIS2_EEEElS2_NS0_5__ops15_Iter_comp_iterIZL8scanApksvEUlRKS2_SB_E_EEEvT_T0_SF_T1_T2_.isra.0
                0x0000000000001410      0x9e0 main.o
 .text._ZNSt6vectorI8ApkEntrySaIS0_EE17_M_realloc_appendIJS0_EEEvDpOT_
                0x0000000000001df0      0x224 main.o
                0x0000000000001df0                void std::vector<ApkEntry, std::allocator<ApkEntry> >::_M_realloc_append<ApkEntry>(ApkEntry&&)
 *fill*         0x0000000000002014        0xc 
 .text._ZSt4swapI8ApkEntryENSt9enable_ifIXsrSt6__and_IJSt6__not_ISt15__is_tuple_likeIT_EESt21is_move_constructibleIS5_ESt18is_move_assignableIS5_EEE5valueEvE4typeERS5_SF_
                0x0000000000002020      0x3d4 main.o
                0x0000000000002020                std::enable_if<std::__and_<std::__not_<std::__is_tuple_like<ApkEntry> >, std::is_move_constructible<ApkEntry>, std::is_move_assignable<ApkEntry> >::value, void>::type std::swap<ApkEntry>(ApkEntry&, ApkEntry&)
 *fill*         0x00000000000023f4        0xc 
 .text._ZSt16__introsort_loopIN9__gnu_cxx17__normal_iteratorIP8ApkEntrySt6vectorIS2_SaIS2_EEEElNS0_5__ops15_Iter_comp_iterIZL8scanApksvEUlRKS2_SB_E_EEEvT_SE_T0_T1_.isra.0
                0x0000000000002400      0x834 main.o
 *fill*         0x0000000000002c34        0xc 
 .text._ZL8scanApksv
                0x0000000000002c40      0x4c4 main.o
 *fill*         0x0000000000003104        0xc 
 .text._appletInfiniteSleepLoop
                0x0000000000003110       0x18 /opt/devkitpro/libnx/lib/libnx.a(applet.o)
 *fill*         0x0000000000003128        0x8 
 .text._appletCmdGetSession
                0x0000000000003130      0x108 /opt/devkitpro/libnx/lib/libnx.a(applet.o)
 *fill*         0x0000000000003238        0x8 
 .text._appletCmdInU8NoOut
                0x0000000000003240       0xcc /opt/devkitpro/libnx/lib/libnx.a(applet.o)
 *fill*         0x000000000000330c        0x4 
 .text._appletCmdInU32NoOut
                0x0000000000003310       0xcc /opt/devkitpro/libnx/lib/libnx.a(applet.o)
 *fill*         0x00000000000033dc        0x4 
 .text._appletGetSessionProxy.constprop.0
                0x00000000000033e0      0x12c /opt/devkitpro/libnx/lib/libnx.a(applet.o)
 *fill*         0x000000000000350c        0x4 
 .text._appletOpenLibraryAppletProxy.constprop.0
                0x0000000000003510      0x148 /opt/devkitpro/libnx/lib/libnx.a(applet.o)
 *fill*         0x0000000000003658        0x8 
 .text._appletCmdGetEvent
                0x0000000000003660       0xf8 /opt/devkitpro/libnx/lib/libnx.a(applet.o)
 *fill*         0x0000000000003758        0x8 
 .text._appletCmdNoInOutU8.isra.0
                0x0000000000003760       0xd4 /opt/devkitpro/libnx/lib/libnx.a(applet.o)
 *fill*         0x0000000000003834        0xc 
 .text._appletCmdNoInOutU32.isra.0
                0x0000000000003840       0xd4 /opt/devkitpro/libnx/lib/libnx.a(applet.o)
 *fill*         0x0000000000003914        0xc 
 .text._appletCmdNoInOutU64.isra.0
                0x0000000000003920       0xd4 /opt/devkitpro/libnx/lib/libnx.a(applet.o)
 *fill*         0x00000000000039f4        0xc 
 .text._appletCmdNoIO.isra.0
                0x0000000000003a00       0xc0 /opt/devkitpro/libnx/lib/libnx.a(applet.o)
 .text.appletGetAppletType
                0x0000000000003ac0       0x10 /opt/devkitpro/libnx/lib/libnx.a(applet.o)
                0x0000000000003ac0                appletGetAppletType
 .text.appletSetFocusHandlingMode
                0x0000000000003ad0      0x1b8 /opt/devkitpro/libnx/lib/libnx.a(applet.o)
                0x0000000000003ad0                appletSetFocusHandlingMode
 *fill*         0x0000000000003c88        0x8 
 .text.appletSetCpuBoostMode
                0x0000000000003c90       0x5c /opt/devkitpro/libnx/lib/libnx.a(applet.o)
                0x0000000000003c90                appletSetCpuBoostMode
 *fill*         0x0000000000003cec        0x4 
 .text.appletCreateManagedDisplayLayer
                0x0000000000003cf0       0x2c /opt/devkitpro/libnx/lib/libnx.a(applet.o)
                0x0000000000003cf0                appletCreateManagedDisplayLayer
 *fill*         0x0000000000003d1c        0x4 
 .text.appletGetAppletResourceUserId
                0x0000000000003d20        0xc /opt/devkitpro/libnx/lib/libnx.a(applet.o)
                0x0000000000003d20                appletGetAppletResourceUserId
 *fill*         0x0000000000003d2c        0x4 
 .text._appletHolderCreateState
                0x0000000000003d30      0x138 /opt/devkitpro/libnx/lib/libnx.a(applet.o)
 *fill*         0x0000000000003e68        0x8 
 .text.appletHolderClose
                0x0000000000003e70       0xb0 /opt/devkitpro/libnx/lib/libnx.a(applet.o)
                0x0000000000003e70                appletHolderClose
 .text.appletHolderGetLibraryAppletInfo
                0x0000000000003f20       0x24 /opt/devkitpro/libnx/lib/libnx.a(applet.o)
                0x0000000000003f20                appletHolderGetLibraryAppletInfo
 *fill*         0x0000000000003f44        0xc 
 .text.appletNotifyRunning
                0x0000000000003f50       0x90 /opt/devkitpro/libnx/lib/libnx.a(applet.o)
                0x0000000000003f50                appletNotifyRunning
 .text.appletSetGamePlayRecordingState
                0x0000000000003fe0       0x78 /opt/devkitpro/libnx/lib/libnx.a(applet.o)
                0x0000000000003fe0                appletSetGamePlayRecordingState
 *fill*         0x0000000000004058        0x8 
 .text._appletCleanup
                0x0000000000004060      0xad4 /opt/devkitpro/libnx/lib/libnx.a(applet.o)
 *fill*         0x0000000000004b34        0xc 
 .text.appletExit
                0x0000000000004b40       0x48 /opt/devkitpro/libnx/lib/libnx.a(applet.o)
                0x0000000000004b40                appletExit
 *fill*         0x0000000000004b88        0x8 
 .text.appletGetLibraryAppletInfo
                0x0000000000004b90       0x40 /opt/devkitpro/libnx/lib/libnx.a(applet.o)
                0x0000000000004b90                appletGetLibraryAppletInfo
 .text.appletInitialize
                0x0000000000004bd0      0xc14 /opt/devkitpro/libnx/lib/libnx.a(applet.o)
                0x0000000000004bd0                appletInitialize
 *fill*         0x00000000000057e4        0xc 
 .text._appletExitProcess
                0x00000000000057f0       0x24 /opt/devkitpro/libnx/lib/libnx.a(applet.o)
 *fill*         0x0000000000005814        0xc 
 .text.appletGetMessage
                0x0000000000005820       0x74 /opt/devkitpro/libnx/lib/libnx.a(applet.o)
                0x0000000000005820                appletGetMessage
 *fill*         0x0000000000005894        0xc 
 .text.appletProcessMessage
                0x00000000000058a0      0x264 /opt/devkitpro/libnx/lib/libnx.a(applet.o)
                0x00000000000058a0                appletProcessMessage
 *fill*         0x0000000000005b04        0xc 
 .text.appletMainLoop
                0x0000000000005b10       0x34 /opt/devkitpro/libnx/lib/libnx.a(applet.o)
                0x0000000000005b10                appletMainLoop
 *fill*         0x0000000000005b44        0xc 
 .text._smCmifCmdInPid
                0x0000000000005b50       0xcc /opt/devkitpro/libnx/lib/libnx.a(sm.o)
 *fill*         0x0000000000005c1c        0x4 
 .text._smCleanup
                0x0000000000005c20       0x78 /opt/devkitpro/libnx/lib/libnx.a(sm.o)
 *fill*         0x0000000000005c98        0x8 
 .text.smAddOverrideHandle
                0x0000000000005ca0       0x48 /opt/devkitpro/libnx/lib/libnx.a(sm.o)
                0x0000000000005ca0                smAddOverrideHandle
 *fill*         0x0000000000005ce8        0x8 
 .text.smGetServiceOverride
                0x0000000000005cf0       0x54 /opt/devkitpro/libnx/lib/libnx.a(sm.o)
                0x0000000000005cf0                smGetServiceOverride
 *fill*         0x0000000000005d44        0xc 
 .text.smInitialize
                0x0000000000005d50      0x1ac /opt/devkitpro/libnx/lib/libnx.a(sm.o)
                0x0000000000005d50                smInitialize
 *fill*         0x0000000000005efc        0x4 
 .text.smExit   0x0000000000005f00       0x48 /opt/devkitpro/libnx/lib/libnx.a(sm.o)
                0x0000000000005f00                smExit
 *fill*         0x0000000000005f48        0x8 
 .text.smGetServiceOriginal
                0x0000000000005f50       0xd0 /opt/devkitpro/libnx/lib/libnx.a(sm.o)
                0x0000000000005f50                smGetServiceOriginal
 .text.smGetServiceWrapper
                0x0000000000006020      0x120 /opt/devkitpro/libnx/lib/libnx.a(sm.o)
                0x0000000000006020                smGetServiceWrapper
 .text.diagAbortWithResult
                0x0000000000006140       0x1c /opt/devkitpro/libnx/lib/libnx.a(diag.o)
                0x0000000000006140                diagAbortWithResult
 *fill*         0x000000000000615c        0x4 
 .text.envSetup
                0x0000000000006160      0x208 /opt/devkitpro/libnx/lib/libnx.a(env.o)
                0x0000000000006160                envSetup
 *fill*         0x0000000000006368        0x8 
 .text.envGetMainThreadHandle
                0x0000000000006370       0x20 /opt/devkitpro/libnx/lib/libnx.a(env.o)
                0x0000000000006370                envGetMainThreadHandle
 .text.envIsNso
                0x0000000000006390        0xc /opt/devkitpro/libnx/lib/libnx.a(env.o)
                0x0000000000006390                envIsNso
 *fill*         0x000000000000639c        0x4 
 .text.envHasHeapOverride
                0x00000000000063a0       0x14 /opt/devkitpro/libnx/lib/libnx.a(env.o)
                0x00000000000063a0                envHasHeapOverride
 *fill*         0x00000000000063b4        0xc 
 .text.envGetHeapOverrideAddr
                0x00000000000063c0        0xc /opt/devkitpro/libnx/lib/libnx.a(env.o)
                0x00000000000063c0                envGetHeapOverrideAddr
 *fill*         0x00000000000063cc        0x4 
 .text.envGetHeapOverrideSize
                0x00000000000063d0        0xc /opt/devkitpro/libnx/lib/libnx.a(env.o)
                0x00000000000063d0                envGetHeapOverrideSize
 *fill*         0x00000000000063dc        0x4 
 .text.envHasArgv
                0x00000000000063e0       0x14 /opt/devkitpro/libnx/lib/libnx.a(env.o)
                0x00000000000063e0                envHasArgv
 *fill*         0x00000000000063f4        0xc 
 .text.envGetArgv
                0x0000000000006400        0xc /opt/devkitpro/libnx/lib/libnx.a(env.o)
                0x0000000000006400                envGetArgv
 *fill*         0x000000000000640c        0x4 
 .text.envGetExitFuncPtr
                0x0000000000006410        0xc /opt/devkitpro/libnx/lib/libnx.a(env.o)
                0x0000000000006410                envGetExitFuncPtr
 *fill*         0x000000000000641c        0x4 
 .text.envSetExitFuncPtr
                0x0000000000006420        0xc /opt/devkitpro/libnx/lib/libnx.a(env.o)
                0x0000000000006420                envSetExitFuncPtr
 *fill*         0x000000000000642c        0x4 
 .text.envHasRandomSeed
                0x0000000000006430        0xc /opt/devkitpro/libnx/lib/libnx.a(env.o)
                0x0000000000006430                envHasRandomSeed
 *fill*         0x000000000000643c        0x4 
 .text.envGetRandomSeed
                0x0000000000006440       0x10 /opt/devkitpro/libnx/lib/libnx.a(env.o)
                0x0000000000006440                envGetRandomSeed
 .text.hosversionGet
                0x0000000000006450       0x14 /opt/devkitpro/libnx/lib/libnx.a(hosversion.o)
                0x0000000000006450                hosversionGet
 *fill*         0x0000000000006464        0xc 
 .text.hosversionSet
                0x0000000000006470       0x10 /opt/devkitpro/libnx/lib/libnx.a(hosversion.o)
                0x0000000000006470                hosversionSet
 .text.padConfigureInput
                0x0000000000006480       0x9c /opt/devkitpro/libnx/lib/libnx.a(pad.o)
                0x0000000000006480                padConfigureInput
 *fill*         0x000000000000651c        0x4 
 .text.padInitializeWithMask
                0x0000000000006520       0x24 /opt/devkitpro/libnx/lib/libnx.a(pad.o)
                0x0000000000006520                padInitializeWithMask
 *fill*         0x0000000000006544        0xc 
 .text.padUpdate
                0x0000000000006550      0x29c /opt/devkitpro/libnx/lib/libnx.a(pad.o)
                0x0000000000006550                padUpdate
 *fill*         0x00000000000067ec        0x4 
 .text.consoleDrawChar
                0x00000000000067f0       0x50 /opt/devkitpro/libnx/lib/libnx.a(console.o)
 .text.consoleNewRow
                0x0000000000006840       0xb8 /opt/devkitpro/libnx/lib/libnx.a(console.o)
 *fill*         0x00000000000068f8        0x8 
 .text.consolePrintChar.part.0
                0x0000000000006900      0x194 /opt/devkitpro/libnx/lib/libnx.a(console.o)
 *fill*         0x0000000000006a94        0xc 
 .text.con_write
                0x0000000000006aa0      0xdf8 /opt/devkitpro/libnx/lib/libnx.a(console.o)
 *fill*         0x0000000000007898        0x8 
 .text.consoleInit
                0x00000000000078a0      0x160 /opt/devkitpro/libnx/lib/libnx.a(console.o)
                0x00000000000078a0                consoleInit
 .text.consoleExit
                0x0000000000007a00       0x44 /opt/devkitpro/libnx/lib/libnx.a(console.o)
                0x0000000000007a00                consoleExit
 *fill*         0x0000000000007a44        0xc 
 .text.consoleUpdate
                0x0000000000007a50       0x2c /opt/devkitpro/libnx/lib/libnx.a(console.o)
                0x0000000000007a50                consoleUpdate
 *fill*         0x0000000000007a7c        0x4 
 .text.consoleClear
                0x0000000000007a80       0x98 /opt/devkitpro/libnx/lib/libnx.a(console.o)
                0x0000000000007a80                consoleClear
 *fill*         0x0000000000007b18        0x8 
 .text.ConsoleSwRenderer_drawChar
                0x0000000000007b20      0x1bc /opt/devkitpro/libnx/lib/libnx.a(console_sw.o)
 *fill*         0x0000000000007cdc        0x4 
 .text.ConsoleSwRenderer_init
                0x0000000000007ce0       0xe8 /opt/devkitpro/libnx/lib/libnx.a(console_sw.o)
 *fill*         0x0000000000007dc8        0x8 
 .text.ConsoleSwRenderer_flushAndSwap
                0x0000000000007dd0       0x78 /opt/devkitpro/libnx/lib/libnx.a(console_sw.o)
 *fill*         0x0000000000007e48        0x8 
 .text.ConsoleSwRenderer_scrollWindow
                0x0000000000007e50       0xdc /opt/devkitpro/libnx/lib/libnx.a(console_sw.o)
 *fill*         0x0000000000007f2c        0x4 
 .text.ConsoleSwRenderer_deinit
                0x0000000000007f30       0x50 /opt/devkitpro/libnx/lib/libnx.a(console_sw.o)
 .text.getDefaultConsoleRenderer
                0x0000000000007f80        0xc /opt/devkitpro/libnx/lib/libnx.a(console_sw.o)
                0x0000000000007f80                getDefaultConsoleRenderer
 .text.svcSetHeapSize
                0x0000000000007f8c       0x14 /opt/devkitpro/libnx/lib/libnx.a(svc.o)
                0x0000000000007f8c                svcSetHeapSize
 .text.svcSetMemoryPermission
                0x0000000000007fa0        0x8 /opt/devkitpro/libnx/lib/libnx.a(svc.o)
                0x0000000000007fa0                svcSetMemoryPermission
 .text.svcSetMemoryAttribute
                0x0000000000007fa8        0x8 /opt/devkitpro/libnx/lib/libnx.a(svc.o)
                0x0000000000007fa8                svcSetMemoryAttribute
 .text.svcUnmapMemory
                0x0000000000007fb0        0x8 /opt/devkitpro/libnx/lib/libnx.a(svc.o)
                0x0000000000007fb0                svcUnmapMemory
 .text.svcQueryMemory
                0x0000000000007fb8       0x14 /opt/devkitpro/libnx/lib/libnx.a(svc.o)
                0x0000000000007fb8                svcQueryMemory
 .text.svcExitProcess
                0x0000000000007fcc        0x8 /opt/devkitpro/libnx/lib/libnx.a(svc.o)
                0x0000000000007fcc                svcExitProcess
 .text.svcSleepThread
                0x0000000000007fd4        0x8 /opt/devkitpro/libnx/lib/libnx.a(svc.o)
                0x0000000000007fd4                svcSleepThread
 .text.svcMapSharedMemory
                0x0000000000007fdc        0x8 /opt/devkitpro/libnx/lib/libnx.a(svc.o)
                0x0000000000007fdc                svcMapSharedMemory
 .text.svcUnmapSharedMemory
                0x0000000000007fe4        0x8 /opt/devkitpro/libnx/lib/libnx.a(svc.o)
                0x0000000000007fe4                svcUnmapSharedMemory
 .text.svcCreateTransferMemory
                0x0000000000007fec       0x14 /opt/devkitpro/libnx/lib/libnx.a(svc.o)
                0x0000000000007fec                svcCreateTransferMemory
 .text.svcCloseHandle
                0x0000000000008000        0x8 /opt/devkitpro/libnx/lib/libnx.a(svc.o)
                0x0000000000008000                svcCloseHandle
 .text.svcResetSignal
                0x0000000000008008        0x8 /opt/devkitpro/libnx/lib/libnx.a(svc.o)
                0x0000000000008008                svcResetSignal
 .text.svcWaitSynchronization
                0x0000000000008010       0x14 /opt/devkitpro/libnx/lib/libnx.a(svc.o)
                0x0000000000008010                svcWaitSynchronization
 .text.svcArbitrateLock
                0x0000000000008024        0x8 /opt/devkitpro/libnx/lib/libnx.a(svc.o)
                0x0000000000008024                svcArbitrateLock
 .text.svcArbitrateUnlock
                0x000000000000802c        0x8 /opt/devkitpro/libnx/lib/libnx.a(svc.o)
                0x000000000000802c                svcArbitrateUnlock
 .text.svcWaitProcessWideKeyAtomic
                0x0000000000008034        0x8 /opt/devkitpro/libnx/lib/libnx.a(svc.o)
                0x0000000000008034                svcWaitProcessWideKeyAtomic
 .text.svcSignalProcessWideKey
                0x000000000000803c        0x8 /opt/devkitpro/libnx/lib/libnx.a(svc.o)
                0x000000000000803c                svcSignalProcessWideKey
 .text.svcConnectToNamedPort
                0x0000000000008044       0x14 /opt/devkitpro/libnx/lib/libnx.a(svc.o)
                0x0000000000008044                svcConnectToNamedPort
 .text.svcSendSyncRequest
                0x0000000000008058        0x8 /opt/devkitpro/libnx/lib/libnx.a(svc.o)
                0x0000000000008058                svcSendSyncRequest
 .text.svcBreak
                0x0000000000008060        0x8 /opt/devkitpro/libnx/lib/libnx.a(svc.o)
                0x0000000000008060                svcBreak
 .text.svcReturnFromException
                0x0000000000008068        0x8 /opt/devkitpro/libnx/lib/libnx.a(svc.o)
                0x0000000000008068                svcReturnFromException
 .text.svcGetInfo
                0x0000000000008070       0x14 /opt/devkitpro/libnx/lib/libnx.a(svc.o)
                0x0000000000008070                svcGetInfo
 .text.svcUnmapTransferMemory
                0x0000000000008084        0x8 /opt/devkitpro/libnx/lib/libnx.a(svc.o)
                0x0000000000008084                svcUnmapTransferMemory
 *fill*         0x000000000000808c        0x4 
 .text.eventLoadRemote
                0x0000000000008090        0xc /opt/devkitpro/libnx/lib/libnx.a(event.o)
                0x0000000000008090                eventLoadRemote
 *fill*         0x000000000000809c        0x4 
 .text.eventWait
                0x00000000000080a0       0x34 /opt/devkitpro/libnx/lib/libnx.a(event.o)
                0x00000000000080a0                eventWait
 *fill*         0x00000000000080d4        0xc 
 .text.eventClose
                0x00000000000080e0       0x54 /opt/devkitpro/libnx/lib/libnx.a(event.o)
                0x00000000000080e0                eventClose
 *fill*         0x0000000000008134        0xc 
 .text.mutexLock
                0x0000000000008140       0xc8 /opt/devkitpro/libnx/lib/libnx.a(mutex.o)
                0x0000000000008140                mutexLock
 *fill*         0x0000000000008208        0x8 
 .text.mutexUnlock
                0x0000000000008210       0x68 /opt/devkitpro/libnx/lib/libnx.a(mutex.o)
                0x0000000000008210                mutexUnlock
 *fill*         0x0000000000008278        0x8 
 .text.mutexIsLockedByCurrentThread
                0x0000000000008280       0x1c /opt/devkitpro/libnx/lib/libnx.a(mutex.o)
                0x0000000000008280                mutexIsLockedByCurrentThread
 *fill*         0x000000000000829c        0x4 
 .text.rmutexLock
                0x00000000000082a0       0x50 /opt/devkitpro/libnx/lib/libnx.a(mutex.o)
                0x00000000000082a0                rmutexLock
 .text.rmutexUnlock
                0x00000000000082f0       0x18 /opt/devkitpro/libnx/lib/libnx.a(mutex.o)
                0x00000000000082f0                rmutexUnlock
 *fill*         0x0000000000008308        0x8 
 .text.tmemCreate
                0x0000000000008310       0xa8 /opt/devkitpro/libnx/lib/libnx.a(tmem.o)
                0x0000000000008310                tmemCreate
 *fill*         0x00000000000083b8        0x8 
 .text.tmemUnmap
                0x00000000000083c0       0x34 /opt/devkitpro/libnx/lib/libnx.a(tmem.o)
                0x00000000000083c0                tmemUnmap
 *fill*         0x00000000000083f4        0xc 
 .text.tmemCloseHandle
                0x0000000000008400       0x30 /opt/devkitpro/libnx/lib/libnx.a(tmem.o)
                0x0000000000008400                tmemCloseHandle
 .text.tmemWaitForPermission
                0x0000000000008430       0x9c /opt/devkitpro/libnx/lib/libnx.a(tmem.o)
                0x0000000000008430                tmemWaitForPermission
 *fill*         0x00000000000084cc        0x4 
 .text.tmemClose
                0x00000000000084d0       0x50 /opt/devkitpro/libnx/lib/libnx.a(tmem.o)
                0x00000000000084d0                tmemClose
 .text._memregionInitWithInfo
                0x0000000000008520       0x64 /opt/devkitpro/libnx/lib/libnx.a(virtmem.o)
 *fill*         0x0000000000008584        0xc 
 .text.__libnx_virtmem_rng
                0x0000000000008590        0x4 /opt/devkitpro/libnx/lib/libnx.a(virtmem.o)
                0x0000000000008590                __libnx_virtmem_rng
 *fill*         0x0000000000008594        0xc 
 .text._memregionFindRandom
                0x00000000000085a0      0x164 /opt/devkitpro/libnx/lib/libnx.a(virtmem.o)
 *fill*         0x0000000000008704        0xc 
 .text.virtmemSetup
                0x0000000000008710      0x140 /opt/devkitpro/libnx/lib/libnx.a(virtmem.o)
                0x0000000000008710                virtmemSetup
 .text.virtmemLock
                0x0000000000008850        0xc /opt/devkitpro/libnx/lib/libnx.a(virtmem.o)
                0x0000000000008850                virtmemLock
 *fill*         0x000000000000885c        0x4 
 .text.virtmemUnlock
                0x0000000000008860        0xc /opt/devkitpro/libnx/lib/libnx.a(virtmem.o)
                0x0000000000008860                virtmemUnlock
 *fill*         0x000000000000886c        0x4 
 .text.virtmemFindAslr
                0x0000000000008870       0x50 /opt/devkitpro/libnx/lib/libnx.a(virtmem.o)
                0x0000000000008870                virtmemFindAslr
 .text.waitObjects
                0x00000000000088c0      0x57c /opt/devkitpro/libnx/lib/libnx.a(wait.o)
                0x00000000000088c0                waitObjects
 *fill*         0x0000000000008e3c        0x4 
 .text._apmCleanup
                0x0000000000008e40       0xd4 /opt/devkitpro/libnx/lib/libnx.a(apm.o)
 *fill*         0x0000000000008f14        0xc 
 .text.apmInitialize
                0x0000000000008f20      0x194 /opt/devkitpro/libnx/lib/libnx.a(apm.o)
                0x0000000000008f20                apmInitialize
 *fill*         0x00000000000090b4        0xc 
 .text.apmExit  0x00000000000090c0       0x48 /opt/devkitpro/libnx/lib/libnx.a(apm.o)
                0x00000000000090c0                apmExit
 *fill*         0x0000000000009108        0x8 
 .text.apmSetPerformanceConfiguration
                0x0000000000009110       0xc8 /opt/devkitpro/libnx/lib/libnx.a(apm.o)
                0x0000000000009110                apmSetPerformanceConfiguration
 *fill*         0x00000000000091d8        0x8 
 .text._hidCleanup
                0x00000000000091e0      0x12c /opt/devkitpro/libnx/lib/libnx.a(hid.o)
 *fill*         0x000000000000930c        0x4 
 .text._hidCmdInAruidNoOut
                0x0000000000009310       0xd4 /opt/devkitpro/libnx/lib/libnx.a(hid.o)
 *fill*         0x00000000000093e4        0xc 
 .text._hidCmdInU32AruidNoOut
                0x00000000000093f0       0xe0 /opt/devkitpro/libnx/lib/libnx.a(hid.o)
 .text._hidGetStates
                0x00000000000094d0      0x194 /opt/devkitpro/libnx/lib/libnx.a(hid.o)
 *fill*         0x0000000000009664        0xc 
 .text.hidInitialize
                0x0000000000009670      0x26c /opt/devkitpro/libnx/lib/libnx.a(hid.o)
                0x0000000000009670                hidInitialize
 *fill*         0x00000000000098dc        0x4 
 .text.hidExit  0x00000000000098e0       0x48 /opt/devkitpro/libnx/lib/libnx.a(hid.o)
                0x00000000000098e0                hidExit
 *fill*         0x0000000000009928        0x8 
 .text.hidGetSharedmemAddr
                0x0000000000009930        0xc /opt/devkitpro/libnx/lib/libnx.a(hid.o)
                0x0000000000009930                hidGetSharedmemAddr
 *fill*         0x000000000000993c        0x4 
 .text.hidGetNpadStyleSet
                0x0000000000009940       0x90 /opt/devkitpro/libnx/lib/libnx.a(hid.o)
                0x0000000000009940                hidGetNpadStyleSet
 .text.hidInitializeNpad
                0x00000000000099d0       0x84 /opt/devkitpro/libnx/lib/libnx.a(hid.o)
                0x00000000000099d0                hidInitializeNpad
 *fill*         0x0000000000009a54        0xc 
 .text.hidGetNpadStatesFullKey
                0x0000000000009a60       0xa4 /opt/devkitpro/libnx/lib/libnx.a(hid.o)
                0x0000000000009a60                hidGetNpadStatesFullKey
 *fill*         0x0000000000009b04        0xc 
 .text.hidGetNpadStatesHandheld
                0x0000000000009b10       0xa4 /opt/devkitpro/libnx/lib/libnx.a(hid.o)
                0x0000000000009b10                hidGetNpadStatesHandheld
 *fill*         0x0000000000009bb4        0xc 
 .text.hidGetNpadStatesJoyDual
                0x0000000000009bc0       0xa4 /opt/devkitpro/libnx/lib/libnx.a(hid.o)
                0x0000000000009bc0                hidGetNpadStatesJoyDual
 *fill*         0x0000000000009c64        0xc 
 .text.hidGetNpadStatesJoyLeft
                0x0000000000009c70       0xa4 /opt/devkitpro/libnx/lib/libnx.a(hid.o)
                0x0000000000009c70                hidGetNpadStatesJoyLeft
 *fill*         0x0000000000009d14        0xc 
 .text.hidGetNpadStatesJoyRight
                0x0000000000009d20       0xa4 /opt/devkitpro/libnx/lib/libnx.a(hid.o)
                0x0000000000009d20                hidGetNpadStatesJoyRight
 *fill*         0x0000000000009dc4        0xc 
 .text.hidGetNpadStatesGc
                0x0000000000009dd0      0x144 /opt/devkitpro/libnx/lib/libnx.a(hid.o)
                0x0000000000009dd0                hidGetNpadStatesGc
 *fill*         0x0000000000009f14        0xc 
 .text.hidGetNpadStatesSystemExt
                0x0000000000009f20       0xa8 /opt/devkitpro/libnx/lib/libnx.a(hid.o)
                0x0000000000009f20                hidGetNpadStatesSystemExt
 *fill*         0x0000000000009fc8        0x8 
 .text.hidSetSupportedNpadStyleSet
                0x0000000000009fd0        0x8 /opt/devkitpro/libnx/lib/libnx.a(hid.o)
                0x0000000000009fd0                hidSetSupportedNpadStyleSet
 *fill*         0x0000000000009fd8        0x8 
 .text.hidSetSupportedNpadIdType
                0x0000000000009fe0      0x100 /opt/devkitpro/libnx/lib/libnx.a(hid.o)
                0x0000000000009fe0                hidSetSupportedNpadIdType
 .text.nwindowGetDefault
                0x000000000000a0e0        0xc /opt/devkitpro/libnx/lib/libnx.a(default_window.o)
                0x000000000000a0e0                nwindowGetDefault
 *fill*         0x000000000000a0ec        0x4 
 .text.__nx_win_init
                0x000000000000a0f0       0xa4 /opt/devkitpro/libnx/lib/libnx.a(default_window.o)
                0x000000000000a0f0                __nx_win_init
 *fill*         0x000000000000a194        0xc 
 .text.__nx_win_exit
                0x000000000000a1a0       0x34 /opt/devkitpro/libnx/lib/libnx.a(default_window.o)
                0x000000000000a1a0                __nx_win_exit
 *fill*         0x000000000000a1d4        0xc 
 .text.framebufferMakeLinear
                0x000000000000a1e0       0x8c /opt/devkitpro/libnx/lib/libnx.a(framebuffer.o)
                0x000000000000a1e0                framebufferMakeLinear
 *fill*         0x000000000000a26c        0x4 
 .text.framebufferClose
                0x000000000000a270       0x84 /opt/devkitpro/libnx/lib/libnx.a(framebuffer.o)
                0x000000000000a270                framebufferClose
 *fill*         0x000000000000a2f4        0xc 
 .text.framebufferCreate
                0x000000000000a300      0x290 /opt/devkitpro/libnx/lib/libnx.a(framebuffer.o)
                0x000000000000a300                framebufferCreate
 .text.framebufferBegin
                0x000000000000a590       0x7c /opt/devkitpro/libnx/lib/libnx.a(framebuffer.o)
                0x000000000000a590                framebufferBegin
 *fill*         0x000000000000a60c        0x4 
 .text.framebufferEnd
                0x000000000000a610      0x198 /opt/devkitpro/libnx/lib/libnx.a(framebuffer.o)
                0x000000000000a610                framebufferEnd
 *fill*         0x000000000000a7a8        0x8 
 .text.nwindowIsValid
                0x000000000000a7b0       0x24 /opt/devkitpro/libnx/lib/libnx.a(native_window.o)
                0x000000000000a7b0                nwindowIsValid
 *fill*         0x000000000000a7d4        0xc 
 .text.nwindowClose
                0x000000000000a7e0       0x7c /opt/devkitpro/libnx/lib/libnx.a(native_window.o)
                0x000000000000a7e0                nwindowClose
 *fill*         0x000000000000a85c        0x4 
 .text.nwindowCreate
                0x000000000000a860       0xf8 /opt/devkitpro/libnx/lib/libnx.a(native_window.o)
                0x000000000000a860                nwindowCreate
 *fill*         0x000000000000a958        0x8 
 .text.nwindowCreateFromLayer
                0x000000000000a960       0x38 /opt/devkitpro/libnx/lib/libnx.a(native_window.o)
                0x000000000000a960                nwindowCreateFromLayer
 *fill*         0x000000000000a998        0x8 
 .text.nwindowSetDimensions
                0x000000000000a9a0       0x84 /opt/devkitpro/libnx/lib/libnx.a(native_window.o)
                0x000000000000a9a0                nwindowSetDimensions
 *fill*         0x000000000000aa24        0xc 
 .text.nwindowConfigureBuffer
                0x000000000000aa30      0x180 /opt/devkitpro/libnx/lib/libnx.a(native_window.o)
                0x000000000000aa30                nwindowConfigureBuffer
 .text.nwindowDequeueBuffer
                0x000000000000abb0      0x1cc /opt/devkitpro/libnx/lib/libnx.a(native_window.o)
                0x000000000000abb0                nwindowDequeueBuffer
 *fill*         0x000000000000ad7c        0x4 
 .text.nwindowQueueBuffer
                0x000000000000ad80      0x12c /opt/devkitpro/libnx/lib/libnx.a(native_window.o)
                0x000000000000ad80                nwindowQueueBuffer
 *fill*         0x000000000000aeac        0x4 
 .text.nwindowReleaseBuffers
                0x000000000000aeb0       0xbc /opt/devkitpro/libnx/lib/libnx.a(native_window.o)
                0x000000000000aeb0                nwindowReleaseBuffers
 *fill*         0x000000000000af6c        0x4 
 .text.__libnx_alloc
                0x000000000000af70        0x4 /opt/devkitpro/libnx/lib/libnx.a(alloc.o)
                0x000000000000af70                __libnx_alloc
 *fill*         0x000000000000af74        0xc 
 .text.__libnx_aligned_alloc
                0x000000000000af80       0x14 /opt/devkitpro/libnx/lib/libnx.a(alloc.o)
                0x000000000000af80                __libnx_aligned_alloc
 *fill*         0x000000000000af94        0xc 
 .text.__libnx_free
                0x000000000000afa0        0x4 /opt/devkitpro/libnx/lib/libnx.a(alloc.o)
                0x000000000000afa0                __libnx_free
 *fill*         0x000000000000afa4        0xc 
 .text.argvSetup
                0x000000000000afb0      0x314 /opt/devkitpro/libnx/lib/libnx.a(argv.o)
                0x000000000000afb0                argvSetup
 *fill*         0x000000000000b2c4        0xc 
 .text.__nx_dynamic
                0x000000000000b2d0      0x1fc /opt/devkitpro/libnx/lib/libnx.a(dynamic.o)
                0x000000000000b2d0                __nx_dynamic
 *fill*         0x000000000000b4cc        0x4 
 .text.__libnx_initheap
                0x000000000000b4d0       0xd0 /opt/devkitpro/libnx/lib/libnx.a(init.o)
                0x000000000000b4d0                __libnx_initheap
 .text.__appInit
                0x000000000000b5a0       0xec /opt/devkitpro/libnx/lib/libnx.a(init.o)
                0x000000000000b5a0                __appInit
 *fill*         0x000000000000b68c        0x4 
 .text.__appExit
                0x000000000000b690       0x44 /opt/devkitpro/libnx/lib/libnx.a(init.o)
                0x000000000000b690                __appExit
 *fill*         0x000000000000b6d4        0xc 
 .text.__libnx_init
                0x000000000000b6e0       0x2c /opt/devkitpro/libnx/lib/libnx.a(init.o)
                0x000000000000b6e0                __libnx_init
 *fill*         0x000000000000b70c        0x4 
 .text.__libnx_exit
                0x000000000000b710       0x1c /opt/devkitpro/libnx/lib/libnx.a(init.o)
                0x000000000000b710                __libnx_exit
 *fill*         0x000000000000b72c        0x4 
 .text.__syscall_exit
                0x000000000000b730       0x1c /opt/devkitpro/libnx/lib/libnx.a(newlib.o)
                0x000000000000b730                __syscall_exit
 *fill*         0x000000000000b74c        0x4 
 .text.__syscall_getreent
                0x000000000000b750       0x34 /opt/devkitpro/libnx/lib/libnx.a(newlib.o)
                0x000000000000b750                __syscall_getreent
 *fill*         0x000000000000b784        0xc 
 .text.__syscall_lock_acquire
                0x000000000000b790        0x4 /opt/devkitpro/libnx/lib/libnx.a(newlib.o)
                0x000000000000b790                __syscall_lock_acquire
 *fill*         0x000000000000b794        0xc 
 .text.__syscall_lock_release
                0x000000000000b7a0        0x4 /opt/devkitpro/libnx/lib/libnx.a(newlib.o)
                0x000000000000b7a0                __syscall_lock_release
 *fill*         0x000000000000b7a4        0xc 
 .text.__syscall_lock_acquire_recursive
                0x000000000000b7b0        0x4 /opt/devkitpro/libnx/lib/libnx.a(newlib.o)
                0x000000000000b7b0                __syscall_lock_acquire_recursive
 *fill*         0x000000000000b7b4        0xc 
 .text.__syscall_lock_release_recursive
                0x000000000000b7c0        0x4 /opt/devkitpro/libnx/lib/libnx.a(newlib.o)
                0x000000000000b7c0                __syscall_lock_release_recursive
 *fill*         0x000000000000b7c4        0xc 
 .text.__syscall_cond_broadcast
                0x000000000000b7d0       0x1c /opt/devkitpro/libnx/lib/libnx.a(newlib.o)
                0x000000000000b7d0                __syscall_cond_broadcast
 *fill*         0x000000000000b7ec        0x4 
 .text.__syscall_cond_wait
                0x000000000000b7f0       0x3c /opt/devkitpro/libnx/lib/libnx.a(newlib.o)
                0x000000000000b7f0                __syscall_cond_wait
 *fill*         0x000000000000b82c        0x4 
 .text.__syscall_tls_create
                0x000000000000b830       0x40 /opt/devkitpro/libnx/lib/libnx.a(newlib.o)
                0x000000000000b830                __syscall_tls_create
 .text.__syscall_tls_set
                0x000000000000b870       0x18 /opt/devkitpro/libnx/lib/libnx.a(newlib.o)
                0x000000000000b870                __syscall_tls_set
 *fill*         0x000000000000b888        0x8 
 .text.__syscall_tls_get
                0x000000000000b890        0x4 /opt/devkitpro/libnx/lib/libnx.a(newlib.o)
                0x000000000000b890                __syscall_tls_get
 *fill*         0x000000000000b894        0xc 
 .text.__syscall_tls_delete
                0x000000000000b8a0       0x18 /opt/devkitpro/libnx/lib/libnx.a(newlib.o)
                0x000000000000b8a0                __syscall_tls_delete
 *fill*         0x000000000000b8b8        0x8 
 .text.__libnx_init_time
                0x000000000000b8c0      0x25c /opt/devkitpro/libnx/lib/libnx.a(newlib.o)
                0x000000000000b8c0                __libnx_init_time
 *fill*         0x000000000000bb1c        0x4 
 .text.newlibSetup
                0x000000000000bb20       0x98 /opt/devkitpro/libnx/lib/libnx.a(newlib.o)
                0x000000000000bb20                newlibSetup
 *fill*         0x000000000000bbb8        0x8 
 .text.nxlinkSetup
                0x000000000000bbc0       0xe8 /opt/devkitpro/libnx/lib/libnx.a(nxlink.o)
                0x000000000000bbc0                nxlinkSetup
 *fill*         0x000000000000bca8        0x8 
 .text.fsdev_link
                0x000000000000bcb0       0x10 /opt/devkitpro/libnx/lib/libnx.a(fs_dev.o)
 .text.fsdev_dirreset
                0x000000000000bcc0       0x10 /opt/devkitpro/libnx/lib/libnx.a(fs_dev.o)
 .text.fsdev_chmod
                0x000000000000bcd0       0x10 /opt/devkitpro/libnx/lib/libnx.a(fs_dev.o)
 .text.error_cmp
                0x000000000000bce0       0x18 /opt/devkitpro/libnx/lib/libnx.a(fs_dev.o)
 *fill*         0x000000000000bcf8        0x8 
 .text.fsdev_dirclose
                0x000000000000bd00       0x20 /opt/devkitpro/libnx/lib/libnx.a(fs_dev.o)
 .text.fsdev_close
                0x000000000000bd20       0x1c /opt/devkitpro/libnx/lib/libnx.a(fs_dev.o)
 *fill*         0x000000000000bd3c        0x4 
 .text.fsdev_converttimetoutc
                0x000000000000bd40       0x74 /opt/devkitpro/libnx/lib/libnx.a(fs_dev.o)
 *fill*         0x000000000000bdb4        0xc 
 .text.fsdevFindDevice.part.0
                0x000000000000bdc0       0xf8 /opt/devkitpro/libnx/lib/libnx.a(fs_dev.o)
 *fill*         0x000000000000beb8        0x8 
 .text.fsdev_fixpath
                0x000000000000bec0      0x1cc /opt/devkitpro/libnx/lib/libnx.a(fs_dev.o)
 *fill*         0x000000000000c08c        0x4 
 .text._fsdevUnmountDeviceStruct.part.0
                0x000000000000c090       0x9c /opt/devkitpro/libnx/lib/libnx.a(fs_dev.o)
 *fill*         0x000000000000c12c        0x4 
 .text.fsdev_fchmod
                0x000000000000c130       0x10 /opt/devkitpro/libnx/lib/libnx.a(fs_dev.o)
 .text.fsdev_diropen
                0x000000000000c140      0x100 /opt/devkitpro/libnx/lib/libnx.a(fs_dev.o)
 .text.fsdev_statvfs
                0x000000000000c240       0xf8 /opt/devkitpro/libnx/lib/libnx.a(fs_dev.o)
 *fill*         0x000000000000c338        0x8 
 .text.fsdev_fsync
                0x000000000000c340       0x7c /opt/devkitpro/libnx/lib/libnx.a(fs_dev.o)
 *fill*         0x000000000000c3bc        0x4 
 .text.fsdev_fstat
                0x000000000000c3c0       0xec /opt/devkitpro/libnx/lib/libnx.a(fs_dev.o)
 *fill*         0x000000000000c4ac        0x4 
 .text.fsdev_ftruncate
                0x000000000000c4b0       0x94 /opt/devkitpro/libnx/lib/libnx.a(fs_dev.o)
 *fill*         0x000000000000c544        0xc 
 .text.fsdev_stat
                0x000000000000c550      0x1d8 /opt/devkitpro/libnx/lib/libnx.a(fs_dev.o)
 *fill*         0x000000000000c728        0x8 
 .text.fsdev_rename
                0x000000000000c730      0x14c /opt/devkitpro/libnx/lib/libnx.a(fs_dev.o)
 *fill*         0x000000000000c87c        0x4 
 .text.fsdev_chdir
                0x000000000000c880      0x13c /opt/devkitpro/libnx/lib/libnx.a(fs_dev.o)
 *fill*         0x000000000000c9bc        0x4 
 .text.fsdev_rmdir
                0x000000000000c9c0       0xa4 /opt/devkitpro/libnx/lib/libnx.a(fs_dev.o)
 *fill*         0x000000000000ca64        0xc 
 .text.fsdev_mkdir
                0x000000000000ca70       0xa4 /opt/devkitpro/libnx/lib/libnx.a(fs_dev.o)
 *fill*         0x000000000000cb14        0xc 
 .text.fsdev_unlink
                0x000000000000cb20       0xa4 /opt/devkitpro/libnx/lib/libnx.a(fs_dev.o)
 *fill*         0x000000000000cbc4        0xc 
 .text.fsdev_write_safe
                0x000000000000cbd0      0x13c /opt/devkitpro/libnx/lib/libnx.a(fs_dev.o)
 *fill*         0x000000000000cd0c        0x4 
 .text.fsdev_read_safe
                0x000000000000cd10      0x134 /opt/devkitpro/libnx/lib/libnx.a(fs_dev.o)
 *fill*         0x000000000000ce44        0xc 
 .text.fsdev_read
                0x000000000000ce50      0x100 /opt/devkitpro/libnx/lib/libnx.a(fs_dev.o)
 .text.fsdev_dirnext
                0x000000000000cf50      0x1d4 /opt/devkitpro/libnx/lib/libnx.a(fs_dev.o)
 *fill*         0x000000000000d124        0xc 
 .text.fsdev_write
                0x000000000000d130      0x124 /opt/devkitpro/libnx/lib/libnx.a(fs_dev.o)
 *fill*         0x000000000000d254        0xc 
 .text.fsdev_seek
                0x000000000000d260      0x110 /opt/devkitpro/libnx/lib/libnx.a(fs_dev.o)
 .text.fsdev_open
                0x000000000000d370      0x230 /opt/devkitpro/libnx/lib/libnx.a(fs_dev.o)
 .text.fsdevMountDevice
                0x000000000000d5a0      0x324 /opt/devkitpro/libnx/lib/libnx.a(fs_dev.o)
                0x000000000000d5a0                fsdevMountDevice
 *fill*         0x000000000000d8c4        0xc 
 .text.fsdevMountSdmc
                0x000000000000d8d0       0x40 /opt/devkitpro/libnx/lib/libnx.a(fs_dev.o)
                0x000000000000d8d0                fsdevMountSdmc
 .text.__libnx_init_cwd
                0x000000000000d910       0xbc /opt/devkitpro/libnx/lib/libnx.a(fs_dev.o)
                0x000000000000d910                __libnx_init_cwd
 *fill*         0x000000000000d9cc        0x4 
 .text.fsdevUnmountAll
                0x000000000000d9d0       0x64 /opt/devkitpro/libnx/lib/libnx.a(fs_dev.o)
                0x000000000000d9d0                fsdevUnmountAll
 *fill*         0x000000000000da34        0xc 
 .text.decode_utf8
                0x000000000000da40      0x128 /opt/devkitpro/libnx/lib/libnx.a(decode_utf8.o)
                0x000000000000da40                decode_utf8
 .text.armDCacheFlush
                0x000000000000db68       0x4c /opt/devkitpro/libnx/lib/libnx.a(cache.o)
                0x000000000000db68                armDCacheFlush
 .text.__libnx_exception_entry
                0x000000000000dbb4      0x1c0 /opt/devkitpro/libnx/lib/libnx.a(exception.o)
                0x000000000000dbb4                __libnx_exception_entry
 .text.__libnx_exception_returnentry
                0x000000000000dd74       0x18 /opt/devkitpro/libnx/lib/libnx.a(exception.o)
                0x000000000000dd74                __libnx_exception_returnentry
 .text.__aarch64_read_tp
                0x000000000000dd8c        0xc /opt/devkitpro/libnx/lib/libnx.a(readtp.o)
                0x000000000000dd8c                __aarch64_read_tp
 *fill*         0x000000000000dd98        0x8 
 .text.condvarWaitTimeout
                0x000000000000dda0       0x70 /opt/devkitpro/libnx/lib/libnx.a(condvar.o)
                0x000000000000dda0                condvarWaitTimeout
 .text.randomGet
                0x000000000000de10      0x410 /opt/devkitpro/libnx/lib/libnx.a(random.o)
                0x000000000000de10                randomGet
 .text.randomGet64
                0x000000000000e220       0x20 /opt/devkitpro/libnx/lib/libnx.a(random.o)
                0x000000000000e220                randomGet64
 .text.shmemLoadRemote
                0x000000000000e240       0x14 /opt/devkitpro/libnx/lib/libnx.a(shmem.o)
                0x000000000000e240                shmemLoadRemote
 *fill*         0x000000000000e254        0xc 
 .text.shmemMap
                0x000000000000e260       0x70 /opt/devkitpro/libnx/lib/libnx.a(shmem.o)
                0x000000000000e260                shmemMap
 .text.shmemUnmap
                0x000000000000e2d0       0x34 /opt/devkitpro/libnx/lib/libnx.a(shmem.o)
                0x000000000000e2d0                shmemUnmap
 *fill*         0x000000000000e304        0xc 
 .text.shmemClose
                0x000000000000e310       0x4c /opt/devkitpro/libnx/lib/libnx.a(shmem.o)
                0x000000000000e310                shmemClose
 *fill*         0x000000000000e35c        0x4 
 .text.__libnx_init_thread
                0x000000000000e360       0xb0 /opt/devkitpro/libnx/lib/libnx.a(thread.o)
                0x000000000000e360                __libnx_init_thread
 .text.threadTlsGet
                0x000000000000e410       0x10 /opt/devkitpro/libnx/lib/libnx.a(thread.o)
                0x000000000000e410                threadTlsGet
 .text.threadTlsSet
                0x000000000000e420       0x10 /opt/devkitpro/libnx/lib/libnx.a(thread.o)
                0x000000000000e420                threadTlsSet
 .text.threadTlsAlloc
                0x000000000000e430       0xd8 /opt/devkitpro/libnx/lib/libnx.a(thread.o)
                0x000000000000e430                threadTlsAlloc
 *fill*         0x000000000000e508        0x8 
 .text.threadTlsFree
                0x000000000000e510       0x44 /opt/devkitpro/libnx/lib/libnx.a(thread.o)
                0x000000000000e510                threadTlsFree
 *fill*         0x000000000000e554        0xc 
 .text._fsCleanup
                0x000000000000e560       0xb4 /opt/devkitpro/libnx/lib/libnx.a(fs.o)
 *fill*         0x000000000000e614        0xc 
 .text._fsCmdNoIO
                0x000000000000e620      0x1c0 /opt/devkitpro/libnx/lib/libnx.a(fs.o)
 .text._fsFsCmdWithInPath
                0x000000000000e7e0      0x1e0 /opt/devkitpro/libnx/lib/libnx.a(fs.o)
 .text._fsFsCmdWithTwoInPaths
                0x000000000000e9c0      0x1f8 /opt/devkitpro/libnx/lib/libnx.a(fs.o)
 *fill*         0x000000000000ebb8        0x8 
 .text._fsFsOpenCommon
                0x000000000000ebc0      0x28c /opt/devkitpro/libnx/lib/libnx.a(fs.o)
 *fill*         0x000000000000ee4c        0x4 
 .text._fsFsCmdWithInPathAndOutU64
                0x000000000000ee50      0x1fc /opt/devkitpro/libnx/lib/libnx.a(fs.o)
 *fill*         0x000000000000f04c        0x4 
 .text._fsObjectClose
                0x000000000000f050       0xf8 /opt/devkitpro/libnx/lib/libnx.a(fs.o)
 *fill*         0x000000000000f148        0x8 
 .text._fsCmdGetSession.constprop.0
                0x000000000000f150      0x17c /opt/devkitpro/libnx/lib/libnx.a(fs.o)
 *fill*         0x000000000000f2cc        0x4 
 .text.fsInitialize
                0x000000000000f2d0      0x2f8 /opt/devkitpro/libnx/lib/libnx.a(fs.o)
                0x000000000000f2d0                fsInitialize
 *fill*         0x000000000000f5c8        0x8 
 .text.fsExit   0x000000000000f5d0       0x48 /opt/devkitpro/libnx/lib/libnx.a(fs.o)
                0x000000000000f5d0                fsExit
 *fill*         0x000000000000f618        0x8 
 .text.fsOpenSdCardFileSystem
                0x000000000000f620        0x8 /opt/devkitpro/libnx/lib/libnx.a(fs.o)
                0x000000000000f620                fsOpenSdCardFileSystem
 *fill*         0x000000000000f628        0x8 
 .text.fsFsCreateFile
                0x000000000000f630      0x1ec /opt/devkitpro/libnx/lib/libnx.a(fs.o)
                0x000000000000f630                fsFsCreateFile
 *fill*         0x000000000000f81c        0x4 
 .text.fsFsDeleteFile
                0x000000000000f820        0x8 /opt/devkitpro/libnx/lib/libnx.a(fs.o)
                0x000000000000f820                fsFsDeleteFile
 *fill*         0x000000000000f828        0x8 
 .text.fsFsCreateDirectory
                0x000000000000f830        0x8 /opt/devkitpro/libnx/lib/libnx.a(fs.o)
                0x000000000000f830                fsFsCreateDirectory
 *fill*         0x000000000000f838        0x8 
 .text.fsFsDeleteDirectory
                0x000000000000f840        0x8 /opt/devkitpro/libnx/lib/libnx.a(fs.o)
                0x000000000000f840                fsFsDeleteDirectory
 *fill*         0x000000000000f848        0x8 
 .text.fsFsRenameFile
                0x000000000000f850        0x8 /opt/devkitpro/libnx/lib/libnx.a(fs.o)
                0x000000000000f850                fsFsRenameFile
 *fill*         0x000000000000f858        0x8 
 .text.fsFsRenameDirectory
                0x000000000000f860        0x8 /opt/devkitpro/libnx/lib/libnx.a(fs.o)
                0x000000000000f860                fsFsRenameDirectory
 *fill*         0x000000000000f868        0x8 
 .text.fsFsGetEntryType
                0x000000000000f870      0x1f0 /opt/devkitpro/libnx/lib/libnx.a(fs.o)
                0x000000000000f870                fsFsGetEntryType
 .text.fsFsOpenFile
                0x000000000000fa60        0x8 /opt/devkitpro/libnx/lib/libnx.a(fs.o)
                0x000000000000fa60                fsFsOpenFile
 *fill*         0x000000000000fa68        0x8 
 .text.fsFsOpenDirectory
                0x000000000000fa70        0x8 /opt/devkitpro/libnx/lib/libnx.a(fs.o)
                0x000000000000fa70                fsFsOpenDirectory
 *fill*         0x000000000000fa78        0x8 
 .text.fsFsGetFreeSpace
                0x000000000000fa80        0x8 /opt/devkitpro/libnx/lib/libnx.a(fs.o)
                0x000000000000fa80                fsFsGetFreeSpace
 *fill*         0x000000000000fa88        0x8 
 .text.fsFsGetTotalSpace
                0x000000000000fa90        0x8 /opt/devkitpro/libnx/lib/libnx.a(fs.o)
                0x000000000000fa90                fsFsGetTotalSpace
 *fill*         0x000000000000fa98        0x8 
 .text.fsFsGetFileTimeStampRaw
                0x000000000000faa0      0x230 /opt/devkitpro/libnx/lib/libnx.a(fs.o)
                0x000000000000faa0                fsFsGetFileTimeStampRaw
 .text.fsFsClose
                0x000000000000fcd0        0x4 /opt/devkitpro/libnx/lib/libnx.a(fs.o)
                0x000000000000fcd0                fsFsClose
 *fill*         0x000000000000fcd4        0xc 
 .text.fsFileRead
                0x000000000000fce0      0x214 /opt/devkitpro/libnx/lib/libnx.a(fs.o)
                0x000000000000fce0                fsFileRead
 *fill*         0x000000000000fef4        0xc 
 .text.fsFileWrite
                0x000000000000ff00      0x1f8 /opt/devkitpro/libnx/lib/libnx.a(fs.o)
                0x000000000000ff00                fsFileWrite
 *fill*         0x00000000000100f8        0x8 
 .text.fsFileFlush
                0x0000000000010100        0x8 /opt/devkitpro/libnx/lib/libnx.a(fs.o)
                0x0000000000010100                fsFileFlush
 *fill*         0x0000000000010108        0x8 
 .text.fsFileSetSize
                0x0000000000010110      0x1c0 /opt/devkitpro/libnx/lib/libnx.a(fs.o)
                0x0000000000010110                fsFileSetSize
 .text.fsFileGetSize
                0x00000000000102d0      0x1d4 /opt/devkitpro/libnx/lib/libnx.a(fs.o)
                0x00000000000102d0                fsFileGetSize
 *fill*         0x00000000000104a4        0xc 
 .text.fsFileClose
                0x00000000000104b0        0x4 /opt/devkitpro/libnx/lib/libnx.a(fs.o)
                0x00000000000104b0                fsFileClose
 *fill*         0x00000000000104b4        0xc 
 .text.fsDirClose
                0x00000000000104c0        0x4 /opt/devkitpro/libnx/lib/libnx.a(fs.o)
                0x00000000000104c0                fsDirClose
 *fill*         0x00000000000104c4        0xc 
 .text.fsDirRead
                0x00000000000104d0      0x204 /opt/devkitpro/libnx/lib/libnx.a(fs.o)
                0x00000000000104d0                fsDirRead
 *fill*         0x00000000000106d4        0xc 
 .text._nvCleanup
                0x00000000000106e0       0xd0 /opt/devkitpro/libnx/lib/libnx.a(nv.o)
 .text._nvCmdInitialize.constprop.0
                0x00000000000107b0       0xd4 /opt/devkitpro/libnx/lib/libnx.a(nv.o)
 *fill*         0x0000000000010884        0xc 
 .text.__nx_nv_create_tmem
                0x0000000000010890       0x18 /opt/devkitpro/libnx/lib/libnx.a(nv.o)
                0x0000000000010890                __nx_nv_create_tmem
 *fill*         0x00000000000108a8        0x8 
 .text.nvInitialize
                0x00000000000108b0      0x3a8 /opt/devkitpro/libnx/lib/libnx.a(nv.o)
                0x00000000000108b0                nvInitialize
 *fill*         0x0000000000010c58        0x8 
 .text.nvExit   0x0000000000010c60       0x48 /opt/devkitpro/libnx/lib/libnx.a(nv.o)
                0x0000000000010c60                nvExit
 *fill*         0x0000000000010ca8        0x8 
 .text.nvConvertError
                0x0000000000010cb0       0xf4 /opt/devkitpro/libnx/lib/libnx.a(nv.o)
                0x0000000000010cb0                nvConvertError
 *fill*         0x0000000000010da4        0xc 
 .text.nvOpen   0x0000000000010db0      0x114 /opt/devkitpro/libnx/lib/libnx.a(nv.o)
                0x0000000000010db0                nvOpen
 *fill*         0x0000000000010ec4        0xc 
 .text.nvIoctl  0x0000000000010ed0      0x310 /opt/devkitpro/libnx/lib/libnx.a(nv.o)
                0x0000000000010ed0                nvIoctl
 .text.nvClose  0x00000000000111e0       0xd4 /opt/devkitpro/libnx/lib/libnx.a(nv.o)
                0x00000000000111e0                nvClose
 *fill*         0x00000000000112b4        0xc 
 .text.nvQueryEvent
                0x00000000000112c0      0x10c /opt/devkitpro/libnx/lib/libnx.a(nv.o)
                0x00000000000112c0                nvQueryEvent
 *fill*         0x00000000000113cc        0x4 
 .text._setsysGetFirmwareVersionImpl
                0x00000000000113d0       0xd0 /opt/devkitpro/libnx/lib/libnx.a(set.o)
 .text._setsysCleanup
                0x00000000000114a0       0x78 /opt/devkitpro/libnx/lib/libnx.a(set.o)
 *fill*         0x0000000000011518        0x8 
 .text.setsysInitialize
                0x0000000000011520       0xa0 /opt/devkitpro/libnx/lib/libnx.a(set.o)
                0x0000000000011520                setsysInitialize
 .text.setsysExit
                0x00000000000115c0       0x48 /opt/devkitpro/libnx/lib/libnx.a(set.o)
                0x00000000000115c0                setsysExit
 *fill*         0x0000000000011608        0x8 
 .text.setsysGetFirmwareVersion
                0x0000000000011610       0x48 /opt/devkitpro/libnx/lib/libnx.a(set.o)
                0x0000000000011610                setsysGetFirmwareVersion
 *fill*         0x0000000000011658        0x8 
 .text._timeCleanup
                0x0000000000011660      0x27c /opt/devkitpro/libnx/lib/libnx.a(time.o)
 *fill*         0x00000000000118dc        0x4 
 .text._timeCmdGetSession.constprop.0
                0x00000000000118e0      0x100 /opt/devkitpro/libnx/lib/libnx.a(time.o)
 .text._timeReadClockFromSharedMem
                0x00000000000119e0      0x104 /opt/devkitpro/libnx/lib/libnx.a(time.o)
 *fill*         0x0000000000011ae4        0xc 
 .text.timeInitialize
                0x0000000000011af0      0x300 /opt/devkitpro/libnx/lib/libnx.a(time.o)
                0x0000000000011af0                timeInitialize
 .text.timeExit
                0x0000000000011df0       0x48 /opt/devkitpro/libnx/lib/libnx.a(time.o)
                0x0000000000011df0                timeExit
 *fill*         0x0000000000011e38        0x8 
 .text.timeGetServiceSession_SystemClock
                0x0000000000011e40       0x38 /opt/devkitpro/libnx/lib/libnx.a(time.o)
                0x0000000000011e40                timeGetServiceSession_SystemClock
 *fill*         0x0000000000011e78        0x8 
 .text.timeGetCurrentTime
                0x0000000000011e80       0xfc /opt/devkitpro/libnx/lib/libnx.a(time.o)
                0x0000000000011e80                timeGetCurrentTime
 *fill*         0x0000000000011f7c        0x4 
 .text.timeToCalendarTimeWithMyRule
                0x0000000000011f80      0x108 /opt/devkitpro/libnx/lib/libnx.a(time.o)
                0x0000000000011f80                timeToCalendarTimeWithMyRule
 *fill*         0x0000000000012088        0x8 
 .text.timeToPosixTimeWithMyRule
                0x0000000000012090      0x114 /opt/devkitpro/libnx/lib/libnx.a(time.o)
                0x0000000000012090                timeToPosixTimeWithMyRule
 *fill*         0x00000000000121a4        0xc 
 .text._viCleanup
                0x00000000000121b0      0x230 /opt/devkitpro/libnx/lib/libnx.a(vi.o)
 .text._viCmdGetSessionNoParams.constprop.0
                0x00000000000123e0      0x100 /opt/devkitpro/libnx/lib/libnx.a(vi.o)
 .text.viInitialize
                0x00000000000124e0      0x368 /opt/devkitpro/libnx/lib/libnx.a(vi.o)
                0x00000000000124e0                viInitialize
 *fill*         0x0000000000012848        0x8 
 .text.viExit   0x0000000000012850       0x48 /opt/devkitpro/libnx/lib/libnx.a(vi.o)
                0x0000000000012850                viExit
 *fill*         0x0000000000012898        0x8 
 .text.viGetSession_IHOSBinderDriverRelay
                0x00000000000128a0        0xc /opt/devkitpro/libnx/lib/libnx.a(vi.o)
                0x00000000000128a0                viGetSession_IHOSBinderDriverRelay
 *fill*         0x00000000000128ac        0x4 
 .text.viOpenDisplay
                0x00000000000128b0      0x10c /opt/devkitpro/libnx/lib/libnx.a(vi.o)
                0x00000000000128b0                viOpenDisplay
 *fill*         0x00000000000129bc        0x4 
 .text.viCloseDisplay
                0x00000000000129c0       0xec /opt/devkitpro/libnx/lib/libnx.a(vi.o)
                0x00000000000129c0                viCloseDisplay
 *fill*         0x0000000000012aac        0x4 
 .text.viCloseLayer
                0x0000000000012ab0       0xf4 /opt/devkitpro/libnx/lib/libnx.a(vi.o)
                0x0000000000012ab0                viCloseLayer
 *fill*         0x0000000000012ba4        0xc 
 .text.viCreateLayer
                0x0000000000012bb0      0x394 /opt/devkitpro/libnx/lib/libnx.a(vi.o)
                0x0000000000012bb0                viCreateLayer
 *fill*         0x0000000000012f44        0xc 
 .text.viSetLayerScalingMode
                0x0000000000012f50       0xd8 /opt/devkitpro/libnx/lib/libnx.a(vi.o)
                0x0000000000012f50                viSetLayerScalingMode
 *fill*         0x0000000000013028        0x8 
 .text._nvFenceCleanup
                0x0000000000013030       0x74 /opt/devkitpro/libnx/lib/libnx.a(fence.o)
 *fill*         0x00000000000130a4        0xc 
 .text.nvFenceInit
                0x00000000000130b0       0x98 /opt/devkitpro/libnx/lib/libnx.a(fence.o)
                0x00000000000130b0                nvFenceInit
 *fill*         0x0000000000013148        0x8 
 .text.nvFenceExit
                0x0000000000013150       0x48 /opt/devkitpro/libnx/lib/libnx.a(fence.o)
                0x0000000000013150                nvFenceExit
 *fill*         0x0000000000013198        0x8 
 .text.nvFenceWait
                0x00000000000131a0      0x290 /opt/devkitpro/libnx/lib/libnx.a(fence.o)
                0x00000000000131a0                nvFenceWait
 .text.nvMultiFenceWait
                0x0000000000013430       0x7c /opt/devkitpro/libnx/lib/libnx.a(fence.o)
                0x0000000000013430                nvMultiFenceWait
 *fill*         0x00000000000134ac        0x4 
 .text.nvMapInit
                0x00000000000134b0       0xac /opt/devkitpro/libnx/lib/libnx.a(map.o)
                0x00000000000134b0                nvMapInit
 *fill*         0x000000000001355c        0x4 
 .text.nvMapExit
                0x0000000000013560       0x74 /opt/devkitpro/libnx/lib/libnx.a(map.o)
                0x0000000000013560                nvMapExit
 *fill*         0x00000000000135d4        0xc 
 .text.nvMapClose
                0x00000000000135e0       0x8c /opt/devkitpro/libnx/lib/libnx.a(map.o)
                0x00000000000135e0                nvMapClose
 *fill*         0x000000000001366c        0x4 
 .text.nvMapCreate
                0x0000000000013670      0x160 /opt/devkitpro/libnx/lib/libnx.a(map.o)
                0x0000000000013670                nvMapCreate
 .text.nvioctlNvhostCtrl_EventSignal
                0x00000000000137d0       0x24 /opt/devkitpro/libnx/lib/libnx.a(nvhost-ctrl.o)
                0x00000000000137d0                nvioctlNvhostCtrl_EventSignal
 *fill*         0x00000000000137f4        0xc 
 .text.nvioctlNvhostCtrl_EventWait
                0x0000000000013800       0x3c /opt/devkitpro/libnx/lib/libnx.a(nvhost-ctrl.o)
                0x0000000000013800                nvioctlNvhostCtrl_EventWait
 *fill*         0x000000000001383c        0x4 
 .text.nvioctlNvhostCtrl_EventWaitAsync
                0x0000000000013840       0x28 /opt/devkitpro/libnx/lib/libnx.a(nvhost-ctrl.o)
                0x0000000000013840                nvioctlNvhostCtrl_EventWaitAsync
 *fill*         0x0000000000013868        0x8 
 .text.nvioctlNvhostCtrl_EventRegister
                0x0000000000013870       0x24 /opt/devkitpro/libnx/lib/libnx.a(nvhost-ctrl.o)
                0x0000000000013870                nvioctlNvhostCtrl_EventRegister
 *fill*         0x0000000000013894        0xc 
 .text.nvioctlNvhostCtrl_EventUnregister
                0x00000000000138a0       0x24 /opt/devkitpro/libnx/lib/libnx.a(nvhost-ctrl.o)
                0x00000000000138a0                nvioctlNvhostCtrl_EventUnregister
 *fill*         0x00000000000138c4        0xc 
 .text.nvioctlNvmap_Create
                0x00000000000138d0       0x3c /opt/devkitpro/libnx/lib/libnx.a(nvmap.o)
                0x00000000000138d0                nvioctlNvmap_Create
 *fill*         0x000000000001390c        0x4 
 .text.nvioctlNvmap_Alloc
                0x0000000000013910       0x30 /opt/devkitpro/libnx/lib/libnx.a(nvmap.o)
                0x0000000000013910                nvioctlNvmap_Alloc
 .text.nvioctlNvmap_Free
                0x0000000000013940       0x30 /opt/devkitpro/libnx/lib/libnx.a(nvmap.o)
                0x0000000000013940                nvioctlNvmap_Free
 .text.nvioctlNvmap_GetId
                0x0000000000013970       0x3c /opt/devkitpro/libnx/lib/libnx.a(nvmap.o)
                0x0000000000013970                nvioctlNvmap_GetId
 *fill*         0x00000000000139ac        0x4 
 .text.binderCreate
                0x00000000000139b0       0x1c /opt/devkitpro/libnx/lib/libnx.a(binder.o)
                0x00000000000139b0                binderCreate
 *fill*         0x00000000000139cc        0x4 
 .text.binderTransactParcel
                0x00000000000139d0      0x35c /opt/devkitpro/libnx/lib/libnx.a(binder.o)
                0x00000000000139d0                binderTransactParcel
 *fill*         0x0000000000013d2c        0x4 
 .text.binderConvertErrorCode
                0x0000000000013d30       0xe8 /opt/devkitpro/libnx/lib/libnx.a(binder.o)
                0x0000000000013d30                binderConvertErrorCode
 *fill*         0x0000000000013e18        0x8 
 .text.binderAdjustRefcount
                0x0000000000013e20      0x124 /opt/devkitpro/libnx/lib/libnx.a(binder.o)
                0x0000000000013e20                binderAdjustRefcount
 *fill*         0x0000000000013f44        0xc 
 .text.binderInitSession
                0x0000000000013f50       0x9c /opt/devkitpro/libnx/lib/libnx.a(binder.o)
                0x0000000000013f50                binderInitSession
 *fill*         0x0000000000013fec        0x4 
 .text.binderClose
                0x0000000000013ff0       0x5c /opt/devkitpro/libnx/lib/libnx.a(binder.o)
                0x0000000000013ff0                binderClose
 *fill*         0x000000000001404c        0x4 
 .text.binderGetNativeHandle
                0x0000000000014050      0x154 /opt/devkitpro/libnx/lib/libnx.a(binder.o)
                0x0000000000014050                binderGetNativeHandle
 *fill*         0x00000000000141a4        0xc 
 .text.bqRequestBuffer
                0x00000000000141b0       0xc8 /opt/devkitpro/libnx/lib/libnx.a(buffer_producer.o)
                0x00000000000141b0                bqRequestBuffer
 *fill*         0x0000000000014278        0x8 
 .text.bqDequeueBuffer
                0x0000000000014280      0x128 /opt/devkitpro/libnx/lib/libnx.a(buffer_producer.o)
                0x0000000000014280                bqDequeueBuffer
 *fill*         0x00000000000143a8        0x8 
 .text.bqQueueBuffer
                0x00000000000143b0       0xc8 /opt/devkitpro/libnx/lib/libnx.a(buffer_producer.o)
                0x00000000000143b0                bqQueueBuffer
 *fill*         0x0000000000014478        0x8 
 .text.bqCancelBuffer
                0x0000000000014480       0x84 /opt/devkitpro/libnx/lib/libnx.a(buffer_producer.o)
                0x0000000000014480                bqCancelBuffer
 *fill*         0x0000000000014504        0xc 
 .text.bqConnect
                0x0000000000014510       0xd0 /opt/devkitpro/libnx/lib/libnx.a(buffer_producer.o)
                0x0000000000014510                bqConnect
 .text.bqDisconnect
                0x00000000000145e0       0x88 /opt/devkitpro/libnx/lib/libnx.a(buffer_producer.o)
                0x00000000000145e0                bqDisconnect
 *fill*         0x0000000000014668        0x8 
 .text.bqSetPreallocatedBuffer
                0x0000000000014670      0x194 /opt/devkitpro/libnx/lib/libnx.a(buffer_producer.o)
                0x0000000000014670                bqSetPreallocatedBuffer
 *fill*         0x0000000000014804        0xc 
 .text.parcelCreate
                0x0000000000014810       0x30 /opt/devkitpro/libnx/lib/libnx.a(parcel.o)
                0x0000000000014810                parcelCreate
 .text.parcelTransact
                0x0000000000014840      0x174 /opt/devkitpro/libnx/lib/libnx.a(parcel.o)
                0x0000000000014840                parcelTransact
 *fill*         0x00000000000149b4        0xc 
 .text.parcelWriteData
                0x00000000000149c0       0x80 /opt/devkitpro/libnx/lib/libnx.a(parcel.o)
                0x00000000000149c0                parcelWriteData
 .text.parcelReadData
                0x0000000000014a40       0x88 /opt/devkitpro/libnx/lib/libnx.a(parcel.o)
                0x0000000000014a40                parcelReadData
 *fill*         0x0000000000014ac8        0x8 
 .text.parcelWriteInt32
                0x0000000000014ad0       0x20 /opt/devkitpro/libnx/lib/libnx.a(parcel.o)
                0x0000000000014ad0                parcelWriteInt32
 .text.parcelWriteUInt32
                0x0000000000014af0       0x20 /opt/devkitpro/libnx/lib/libnx.a(parcel.o)
                0x0000000000014af0                parcelWriteUInt32
 .text.parcelWriteString16
                0x0000000000014b10       0x7c /opt/devkitpro/libnx/lib/libnx.a(parcel.o)
                0x0000000000014b10                parcelWriteString16
 *fill*         0x0000000000014b8c        0x4 
 .text.parcelWriteInterfaceToken
                0x0000000000014b90       0x30 /opt/devkitpro/libnx/lib/libnx.a(parcel.o)
                0x0000000000014b90                parcelWriteInterfaceToken
 .text.parcelReadInt32
                0x0000000000014bc0       0x24 /opt/devkitpro/libnx/lib/libnx.a(parcel.o)
                0x0000000000014bc0                parcelReadInt32
 *fill*         0x0000000000014be4        0xc 
 .text.parcelReadFlattenedObject
                0x0000000000014bf0       0x68 /opt/devkitpro/libnx/lib/libnx.a(parcel.o)
                0x0000000000014bf0                parcelReadFlattenedObject
 *fill*         0x0000000000014c58        0x8 
 .text.parcelWriteFlattenedObject
                0x0000000000014c60       0x44 /opt/devkitpro/libnx/lib/libnx.a(parcel.o)
                0x0000000000014c60                parcelWriteFlattenedObject
 *fill*         0x0000000000014ca4        0xc 
 .text.sessionmgrCreate
                0x0000000000014cb0      0x184 /opt/devkitpro/libnx/lib/libnx.a(sessionmgr.o)
                0x0000000000014cb0                sessionmgrCreate
 *fill*         0x0000000000014e34        0xc 
 .text.sessionmgrClose
                0x0000000000014e40       0x84 /opt/devkitpro/libnx/lib/libnx.a(sessionmgr.o)
                0x0000000000014e40                sessionmgrClose
 *fill*         0x0000000000014ec4        0xc 
 .text.sessionmgrAttachClient
                0x0000000000014ed0       0xa8 /opt/devkitpro/libnx/lib/libnx.a(sessionmgr.o)
                0x0000000000014ed0                sessionmgrAttachClient
 *fill*         0x0000000000014f78        0x8 
 .text.sessionmgrDetachClient
                0x0000000000014f80       0x60 /opt/devkitpro/libnx/lib/libnx.a(sessionmgr.o)
                0x0000000000014f80                sessionmgrDetachClient
 .text._ZdlPvm  0x0000000000014fe0        0x4 /opt/devkitpro/devkitA64/lib/gcc/aarch64-none-elf/15.2.0/../../../../aarch64-none-elf/lib/pic/libstdc++.a(del_ops.o)
                0x0000000000014fe0                operator delete(void*, unsigned long)
 *fill*         0x0000000000014fe4       0x1c 
 .text._Znwm    0x0000000000015000       0x68 /opt/devkitpro/devkitA64/lib/gcc/aarch64-none-elf/15.2.0/../../../../aarch64-none-elf/lib/pic/libstdc++.a(new_op.o)
                0x0000000000015000                operator new(unsigned long)
 *fill*         0x0000000000015068       0x18 
 .text._ZNSt7__cxx1112basic_stringIcSt11char_traitsIcESaIcEE9_M_createERmm
                0x0000000000015080       0x5c /opt/devkitpro/devkitA64/lib/gcc/aarch64-none-elf/15.2.0/../../../../aarch64-none-elf/lib/pic/libstdc++.a(string-inst.o)
                0x0000000000015080                std::__cxx11::basic_string<char, std::char_traits<char>, std::allocator<char> >::_M_create(unsigned long&, unsigned long)
 *fill*         0x00000000000150dc        0x4 
 .text._ZNSt7__cxx1112basic_stringIcSt11char_traitsIcESaIcEE9_M_mutateEmmPKcm
                0x00000000000150e0      0x128 /opt/devkitpro/devkitA64/lib/gcc/aarch64-none-elf/15.2.0/../../../../aarch64-none-elf/lib/pic/libstdc++.a(string-inst.o)
                0x00000000000150e0                std::__cxx11::basic_string<char, std::char_traits<char>, std::allocator<char> >::_M_mutate(unsigned long, unsigned long, char const*, unsigned long)
 *fill*         0x0000000000015208       0x18 
 .text._ZNSt7__cxx1112basic_stringIcSt11char_traitsIcESaIcEE9_M_appendEPKcm
                0x0000000000015220       0xbc /opt/devkitpro/devkitA64/lib/gcc/aarch64-none-elf/15.2.0/../../../../aarch64-none-elf/lib/pic/libstdc++.a(string-inst.o)
                0x0000000000015220                std::__cxx11::basic_string<char, std::char_traits<char>, std::allocator<char> >::_M_append(char const*, unsigned long)
 *fill*         0x00000000000152dc        0x4 
 .text._ZNKSt9bad_alloc4whatEv
                0x00000000000152e0        0xc /opt/devkitpro/devkitA64/lib/gcc/aarch64-none-elf/15.2.0/../../../../aarch64-none-elf/lib/pic/libstdc++.a(bad_alloc.o)
                0x00000000000152e0                std::bad_alloc::what() const
 *fill*         0x00000000000152ec       0x14 
 .text._ZNSt9bad_allocD2Ev
                0x0000000000015300       0x14 /opt/devkitpro/devkitA64/lib/gcc/aarch64-none-elf/15.2.0/../../../../aarch64-none-elf/lib/pic/libstdc++.a(bad_alloc.o)
                0x0000000000015300                std::bad_alloc::~bad_alloc()
                0x0000000000015300                std::bad_alloc::~bad_alloc()
 *fill*         0x0000000000015314        0xc 
 .text._ZNSt9bad_allocD0Ev
                0x0000000000015320       0x20 /opt/devkitpro/devkitA64/lib/gcc/aarch64-none-elf/15.2.0/../../../../aarch64-none-elf/lib/pic/libstdc++.a(bad_alloc.o)
                0x0000000000015320                std::bad_alloc::~bad_alloc()
 .text._ZdlPv   0x0000000000015340        0x4 /opt/devkitpro/devkitA64/lib/gcc/aarch64-none-elf/15.2.0/../../../../aarch64-none-elf/lib/pic/libstdc++.a(del_op.o)
                0x0000000000015340                operator delete(void*)
 *fill*         0x0000000000015344       0x1c 
 .text._ZNK9__gnu_cxx24__concurrence_lock_error4whatEv
                0x0000000000015360        0xc /opt/devkitpro/devkitA64/lib/gcc/aarch64-none-elf/15.2.0/../../../../aarch64-none-elf/lib/pic/libstdc++.a(eh_alloc.o)
                0x0000000000015360                __gnu_cxx::__concurrence_lock_error::what() const
 *fill*         0x000000000001536c       0x14 
 .text._ZNK9__gnu_cxx26__concurrence_unlock_error4whatEv
                0x0000000000015380        0xc /opt/devkitpro/devkitA64/lib/gcc/aarch64-none-elf/15.2.0/../../../../aarch64-none-elf/lib/pic/libstdc++.a(eh_alloc.o)
                0x0000000000015380                __gnu_cxx::__concurrence_unlock_error::what() const
 *fill*         0x000000000001538c       0x14 
 .text._ZN9__gnu_cxx24__concurrence_lock_errorD2Ev
                0x00000000000153a0       0x14 /opt/devkitpro/devkitA64/lib/gcc/aarch64-none-elf/15.2.0/../../../../aarch64-none-elf/lib/pic/libstdc++.a(eh_alloc.o)
                0x00000000000153a0                __gnu_cxx::__concurrence_lock_error::~__concurrence_lock_error()
                0x00000000000153a0                __gnu_cxx::__concurrence_lock_error::~__concurrence_lock_error()
 *fill*         0x00000000000153b4        0xc 
 .text._ZN9__gnu_cxx24__concurrence_lock_errorD0Ev
                0x00000000000153c0       0x38 /opt/devkitpro/devkitA64/lib/gcc/aarch64-none-elf/15.2.0/../../../../aarch64-none-elf/lib/pic/libstdc++.a(eh_alloc.o)
                0x00000000000153c0                __gnu_cxx::__concurrence_lock_error::~__concurrence_lock_error()
 *fill*         0x00000000000153f8        0x8 
 .text._ZN9__gnu_cxx26__concurrence_unlock_errorD2Ev
                0x0000000000015400       0x14 /opt/devkitpro/devkitA64/lib/gcc/aarch64-none-elf/15.2.0/../../../../aarch64-none-elf/lib/pic/libstdc++.a(eh_alloc.o)
                0x0000000000015400                __gnu_cxx::__concurrence_unlock_error::~__concurrence_unlock_error()
                0x0000000000015400                __gnu_cxx::__concurrence_unlock_error::~__concurrence_unlock_error()
 *fill*         0x0000000000015414        0xc 
 .text._ZN9__gnu_cxx26__concurrence_unlock_errorD0Ev
                0x0000000000015420       0x38 /opt/devkitpro/devkitA64/lib/gcc/aarch64-none-elf/15.2.0/../../../../aarch64-none-elf/lib/pic/libstdc++.a(eh_alloc.o)
                0x0000000000015420                __gnu_cxx::__concurrence_unlock_error::~__concurrence_unlock_error()
 *fill*         0x0000000000015458        0x8 
 .text._ZN12_GLOBAL__N_14pool4freeEPv.constprop.0
                0x0000000000015460      0x110 /opt/devkitpro/devkitA64/lib/gcc/aarch64-none-elf/15.2.0/../../../../aarch64-none-elf/lib/pic/libstdc++.a(eh_alloc.o)
 *fill*         0x0000000000015570       0x10 
 .text._ZN12_GLOBAL__N_14pool8allocateEm.constprop.0
                0x0000000000015580       0xcc /opt/devkitpro/devkitA64/lib/gcc/aarch64-none-elf/15.2.0/../../../../aarch64-none-elf/lib/pic/libstdc++.a(eh_alloc.o)
 *fill*         0x000000000001564c       0x14 
 .text.__cxa_allocate_exception
                0x0000000000015660       0x58 /opt/devkitpro/devkitA64/lib/gcc/aarch64-none-elf/15.2.0/../../../../aarch64-none-elf/lib/pic/libstdc++.a(eh_alloc.o)
                0x0000000000015660                __cxa_allocate_exception
 *fill*         0x00000000000156b8        0x8 
 .text.__cxa_free_exception
                0x00000000000156c0       0x28 /opt/devkitpro/devkitA64/lib/gcc/aarch64-none-elf/15.2.0/../../../../aarch64-none-elf/lib/pic/libstdc++.a(eh_alloc.o)
                0x00000000000156c0                __cxa_free_exception
 *fill*         0x00000000000156e8       0x18 
 .text.__cxa_begin_catch
                0x0000000000015700       0x9c /opt/devkitpro/devkitA64/lib/gcc/aarch64-none-elf/15.2.0/../../../../aarch64-none-elf/lib/pic/libstdc++.a(eh_catch.o)
                0x0000000000015700                __cxa_begin_catch
 *fill*         0x000000000001579c        0x4 
 .text._ZNSt9exceptionD2Ev
                0x00000000000157a0        0x4 /opt/devkitpro/devkitA64/lib/gcc/aarch64-none-elf/15.2.0/../../../../aarch64-none-elf/lib/pic/libstdc++.a(eh_exception.o)
                0x00000000000157a0                std::exception::~exception()
                0x00000000000157a0                std::exception::~exception()
 *fill*         0x00000000000157a4       0x1c 
 .text._ZL15eh_globals_dtorPv
                0x00000000000157c0       0x44 /opt/devkitpro/devkitA64/lib/gcc/aarch64-none-elf/15.2.0/../../../../aarch64-none-elf/lib/pic/libstdc++.a(eh_globals.o)
 *fill*         0x0000000000015804       0x1c 
 .text.__cxa_get_globals
                0x0000000000015820       0x80 /opt/devkitpro/devkitA64/lib/gcc/aarch64-none-elf/15.2.0/../../../../aarch64-none-elf/lib/pic/libstdc++.a(eh_globals.o)
                0x0000000000015820                __cxa_get_globals
 .text._ZL16get_adjusted_ptrPKSt9type_infoS1_PPv
                0x00000000000158a0       0x7c /opt/devkitpro/devkitA64/lib/gcc/aarch64-none-elf/15.2.0/../../../../aarch64-none-elf/lib/pic/libstdc++.a(eh_personality.o)
 *fill*         0x000000000001591c        0x4 
 .text._ZL28read_encoded_value_with_basehmPKhPm
                0x0000000000015920      0x138 /opt/devkitpro/devkitA64/lib/gcc/aarch64-none-elf/15.2.0/../../../../aarch64-none-elf/lib/pic/libstdc++.a(eh_personality.o)
 *fill*         0x0000000000015a58        0x8 
 .text._ZL21base_of_encoded_valuehP15_Unwind_Context
                0x0000000000015a60       0x64 /opt/devkitpro/devkitA64/lib/gcc/aarch64-none-elf/15.2.0/../../../../aarch64-none-elf/lib/pic/libstdc++.a(eh_personality.o)
 *fill*         0x0000000000015ac4       0x1c 
 .text._ZL20check_exception_specP16lsda_header_infoPKSt9type_infoPvl
                0x0000000000015ae0      0x108 /opt/devkitpro/devkitA64/lib/gcc/aarch64-none-elf/15.2.0/../../../../aarch64-none-elf/lib/pic/libstdc++.a(eh_personality.o)
 *fill*         0x0000000000015be8       0x18 
 .text._ZL17parse_lsda_headerP15_Unwind_ContextPKhP16lsda_header_info
                0x0000000000015c00       0xf8 /opt/devkitpro/devkitA64/lib/gcc/aarch64-none-elf/15.2.0/../../../../aarch64-none-elf/lib/pic/libstdc++.a(eh_personality.o)
 *fill*         0x0000000000015cf8        0x8 
 .text.__gxx_personality_v0
                0x0000000000015d00      0x630 /opt/devkitpro/devkitA64/lib/gcc/aarch64-none-elf/15.2.0/../../../../aarch64-none-elf/lib/pic/libstdc++.a(eh_personality.o)
                0x0000000000015d00                __gxx_personality_v0
 *fill*         0x0000000000016330       0x10 
 .text._ZN10__cxxabiv111__terminateEPFvvE
                0x0000000000016340       0x18 /opt/devkitpro/devkitA64/lib/gcc/aarch64-none-elf/15.2.0/../../../../aarch64-none-elf/lib/pic/libstdc++.a(eh_terminate.o)
                0x0000000000016340                __cxxabiv1::__terminate(void (*)())
 *fill*         0x0000000000016358        0x8 
 .text._ZSt13get_terminatev
                0x0000000000016360       0x10 /opt/devkitpro/devkitA64/lib/gcc/aarch64-none-elf/15.2.0/../../../../aarch64-none-elf/lib/pic/libstdc++.a(eh_terminate.o)
                0x0000000000016360                std::get_terminate()
 *fill*         0x0000000000016370       0x10 
 .text._ZN10__cxxabiv112__unexpectedEPFvvE
                0x0000000000016380       0x10 /opt/devkitpro/devkitA64/lib/gcc/aarch64-none-elf/15.2.0/../../../../aarch64-none-elf/lib/pic/libstdc++.a(eh_terminate.o)
                0x0000000000016380                __cxxabiv1::__unexpected(void (*)())
 *fill*         0x0000000000016390       0x10 
 .text._ZSt14get_unexpectedv
                0x00000000000163a0       0x10 /opt/devkitpro/devkitA64/lib/gcc/aarch64-none-elf/15.2.0/../../../../aarch64-none-elf/lib/pic/libstdc++.a(eh_terminate.o)
                0x00000000000163a0                std::get_unexpected()
 *fill*         0x00000000000163b0       0x10 
 .text._ZL23__gxx_exception_cleanup19_Unwind_Reason_CodeP17_Unwind_Exception
                0x00000000000163c0       0x58 /opt/devkitpro/devkitA64/lib/gcc/aarch64-none-elf/15.2.0/../../../../aarch64-none-elf/lib/pic/libstdc++.a(eh_throw.o)
 *fill*         0x0000000000016418        0x8 
 .text.__cxa_init_primary_exception
                0x0000000000016420       0x54 /opt/devkitpro/devkitA64/lib/gcc/aarch64-none-elf/15.2.0/../../../../aarch64-none-elf/lib/pic/libstdc++.a(eh_throw.o)
                0x0000000000016420                __cxa_init_primary_exception
 *fill*         0x0000000000016474        0xc 
 .text.__cxa_throw
                0x0000000000016480       0x5c /opt/devkitpro/devkitA64/lib/gcc/aarch64-none-elf/15.2.0/../../../../aarch64-none-elf/lib/pic/libstdc++.a(eh_throw.o)
                0x0000000000016480                __cxa_throw
 *fill*         0x00000000000164dc        0x4 
 .text._ZSt15get_new_handlerv
                0x00000000000164e0       0x10 /opt/devkitpro/devkitA64/lib/gcc/aarch64-none-elf/15.2.0/../../../../aarch64-none-elf/lib/pic/libstdc++.a(new_handler.o)
                0x00000000000164e0                std::get_new_handler()
 *fill*         0x00000000000164f0       0x10 
 .text._ZN10__cxxabiv120__si_class_type_infoD2Ev
                0x0000000000016500       0x14 /opt/devkitpro/devkitA64/lib/gcc/aarch64-none-elf/15.2.0/../../../../aarch64-none-elf/lib/pic/libstdc++.a(si_class_type_info.o)
                0x0000000000016500                __cxxabiv1::__si_class_type_info::~__si_class_type_info()
                0x0000000000016500                __cxxabiv1::__si_class_type_info::~__si_class_type_info()
 *fill*         0x0000000000016514        0xc 
 .text._ZN10__cxxabiv120__si_class_type_infoD0Ev
                0x0000000000016520       0x20 /opt/devkitpro/devkitA64/lib/gcc/aarch64-none-elf/15.2.0/../../../../aarch64-none-elf/lib/pic/libstdc++.a(si_class_type_info.o)
                0x0000000000016520                __cxxabiv1::__si_class_type_info::~__si_class_type_info()
 .text._ZNK10__cxxabiv120__si_class_type_info12__do_dyncastElNS_17__class_type_info10__sub_kindEPKS1_PKvS4_S6_RNS1_16__dyncast_resultE
                0x0000000000016540      0x194 /opt/devkitpro/devkitA64/lib/gcc/aarch64-none-elf/15.2.0/../../../../aarch64-none-elf/lib/pic/libstdc++.a(si_class_type_info.o)
                0x0000000000016540                __cxxabiv1::__si_class_type_info::__do_dyncast(long, __cxxabiv1::__class_type_info::__sub_kind, __cxxabiv1::__class_type_info const*, void const*, __cxxabiv1::__class_type_info const*, void const*, __cxxabiv1::__class_type_info::__dyncast_result&) const
 *fill*         0x00000000000166d4        0xc 
 .text._ZNK10__cxxabiv120__si_class_type_info20__do_find_public_srcElPKvPKNS_17__class_type_infoES2_
                0x00000000000166e0       0xa8 /opt/devkitpro/devkitA64/lib/gcc/aarch64-none-elf/15.2.0/../../../../aarch64-none-elf/lib/pic/libstdc++.a(si_class_type_info.o)
                0x00000000000166e0                __cxxabiv1::__si_class_type_info::__do_find_public_src(long, void const*, __cxxabiv1::__class_type_info const*, void const*) const
 *fill*         0x0000000000016788       0x18 
 .text._ZNK10__cxxabiv120__si_class_type_info11__do_upcastEPKNS_17__class_type_infoEPKvRNS1_15__upcast_resultE
                0x00000000000167a0       0x64 /opt/devkitpro/devkitA64/lib/gcc/aarch64-none-elf/15.2.0/../../../../aarch64-none-elf/lib/pic/libstdc++.a(si_class_type_info.o)
                0x00000000000167a0                __cxxabiv1::__si_class_type_info::__do_upcast(__cxxabiv1::__class_type_info const*, void const*, __cxxabiv1::__class_type_info::__upcast_result&) const
 *fill*         0x0000000000016804       0x1c 
 .text._ZNSt9type_infoD2Ev
                0x0000000000016820        0x4 /opt/devkitpro/devkitA64/lib/gcc/aarch64-none-elf/15.2.0/../../../../aarch64-none-elf/lib/pic/libstdc++.a(tinfo.o)
                0x0000000000016820                std::type_info::~type_info()
                0x0000000000016820                std::type_info::~type_info()
 *fill*         0x0000000000016824       0x1c 
 .text._ZNKSt9type_info14__is_pointer_pEv
                0x0000000000016840        0x8 /opt/devkitpro/devkitA64/lib/gcc/aarch64-none-elf/15.2.0/../../../../aarch64-none-elf/lib/pic/libstdc++.a(tinfo.o)
                0x0000000000016840                std::type_info::__is_function_p() const
                0x0000000000016840                std::type_info::__is_pointer_p() const
 *fill*         0x0000000000016848       0x18 
 .text._ZNKSt11logic_error4whatEv
                0x0000000000016860        0x8 /opt/devkitpro/devkitA64/lib/gcc/aarch64-none-elf/15.2.0/../../../../aarch64-none-elf/lib/pic/libstdc++.a(stdexcept.o)
                0x0000000000016860                std::runtime_error::what() const
                0x0000000000016860                std::logic_error::what() const
 *fill*         0x0000000000016868       0x18 
 .text._ZNSt11logic_errorD2Ev
                0x0000000000016880       0x74 /opt/devkitpro/devkitA64/lib/gcc/aarch64-none-elf/15.2.0/../../../../aarch64-none-elf/lib/pic/libstdc++.a(stdexcept.o)
                0x0000000000016880                std::logic_error::~logic_error()
                0x0000000000016880                std::logic_error::~logic_error()
 *fill*         0x00000000000168f4        0xc 
 .text._ZNSt11logic_errorD0Ev
                0x0000000000016900       0x1c /opt/devkitpro/devkitA64/lib/gcc/aarch64-none-elf/15.2.0/../../../../aarch64-none-elf/lib/pic/libstdc++.a(stdexcept.o)
                0x0000000000016900                std::logic_error::~logic_error()
 *fill*         0x000000000001691c        0x4 
 .text._ZNSt12length_errorD2Ev
                0x0000000000016920       0x14 /opt/devkitpro/devkitA64/lib/gcc/aarch64-none-elf/15.2.0/../../../../aarch64-none-elf/lib/pic/libstdc++.a(stdexcept.o)
                0x0000000000016920                std::length_error::~length_error()
                0x0000000000016920                std::length_error::~length_error()
 *fill*         0x0000000000016934        0xc 
 .text._ZNSt12length_errorD0Ev
                0x0000000000016940       0x1c /opt/devkitpro/devkitA64/lib/gcc/aarch64-none-elf/15.2.0/../../../../aarch64-none-elf/lib/pic/libstdc++.a(stdexcept.o)
                0x0000000000016940                std::length_error::~length_error()
 *fill*         0x000000000001695c        0x4 
 .text._ZNSt11logic_errorC2EPKc
                0x0000000000016960       0xf8 /opt/devkitpro/devkitA64/lib/gcc/aarch64-none-elf/15.2.0/../../../../aarch64-none-elf/lib/pic/libstdc++.a(cow-stdexcept.o)
                0x0000000000016960                std::logic_error::logic_error(char const*)
                0x0000000000016960                std::logic_error::logic_error(char const*)
 *fill*         0x0000000000016a58        0x8 
 .text._ZNSt12length_errorC2EPKc
                0x0000000000016a60       0x30 /opt/devkitpro/devkitA64/lib/gcc/aarch64-none-elf/15.2.0/../../../../aarch64-none-elf/lib/pic/libstdc++.a(cow-stdexcept.o)
                0x0000000000016a60                std::length_error::length_error(char const*)
                0x0000000000016a60                std::length_error::length_error(char const*)
 *fill*         0x0000000000016a90       0x10 
 .text._ZNSs4_Rep9_S_createEmmRKSaIcE
                0x0000000000016aa0       0x80 /opt/devkitpro/devkitA64/lib/gcc/aarch64-none-elf/15.2.0/../../../../aarch64-none-elf/lib/pic/libstdc++.a(cow-string-inst.o)
                0x0000000000016aa0                std::string::_Rep::_S_create(unsigned long, unsigned long, std::allocator<char> const&)
 .text._ZNSs4_Rep10_M_destroyERKSaIcE
                0x0000000000016b20        0x4 /opt/devkitpro/devkitA64/lib/gcc/aarch64-none-elf/15.2.0/../../../../aarch64-none-elf/lib/pic/libstdc++.a(cow-string-inst.o)
                0x0000000000016b20                std::string::_Rep::_M_destroy(std::allocator<char> const&)
 *fill*         0x0000000000016b24       0x1c 
 .text._ZNK10__cxxabiv117__class_type_info11__do_upcastEPKS0_PPv
                0x0000000000016b40       0x68 /opt/devkitpro/devkitA64/lib/gcc/aarch64-none-elf/15.2.0/../../../../aarch64-none-elf/lib/pic/libstdc++.a(class_type_info.o)
                0x0000000000016b40                __cxxabiv1::__class_type_info::__do_upcast(__cxxabiv1::__class_type_info const*, void**) const
 *fill*         0x0000000000016ba8       0x18 
 .text._ZNK10__cxxabiv117__class_type_info20__do_find_public_srcElPKvPKS0_S2_
                0x0000000000016bc0       0x10 /opt/devkitpro/devkitA64/lib/gcc/aarch64-none-elf/15.2.0/../../../../aarch64-none-elf/lib/pic/libstdc++.a(class_type_info.o)
                0x0000000000016bc0                __cxxabiv1::__class_type_info::__do_find_public_src(long, void const*, __cxxabiv1::__class_type_info const*, void const*) const
 *fill*         0x0000000000016bd0       0x10 
 .text._ZN10__cxxabiv117__class_type_infoD2Ev
                0x0000000000016be0       0x14 /opt/devkitpro/devkitA64/lib/gcc/aarch64-none-elf/15.2.0/../../../../aarch64-none-elf/lib/pic/libstdc++.a(class_type_info.o)
                0x0000000000016be0                __cxxabiv1::__class_type_info::~__class_type_info()
                0x0000000000016be0                __cxxabiv1::__class_type_info::~__class_type_info()